Args in experiment:
Namespace(activation='gelu', add_noise=False, affine=0, auxi_lambda=1.0, auxi_loss='MAE', auxi_mode='fft', auxi_type='complex', batch_size=64, c_out=7, checkpoints='./checkpoints/', cutoff_freq_percentage=0.06, d_ff=2048, d_layers=1, d_model=16, data='custom', data_path='traffic.csv', data_percentage=1.0, dec_in=7, decomposition=0, des='test', devices='0,1', distil=True, do_predict=False, dropout=0, dsa=8, dsb=1, e_layers=2, embed='timeF', embed_type=0, enc_in=862, factor=1, fc_dropout=0.05, features='M', freq='h', gpu=0, head_dropout=0.0, individual=0, inv_len=32, is_training=1, itr=1, kernel_size=25, ksize=3, label_len=0, learning_rate=0.005, leg_degree=2, loss='mse', lradj='type3', model='PULSE', model_id='traffic_96_192', module_first=1, moving_avg=25, n_heads=8, noise_amp=1, noise_freq_percentage=0.05, noise_seed=2023, noise_type='sin', num_workers=10, output_attention=False, padding_patch='end', patch_len=16, patch_size=12, patience=5, pct_start=0.3, pred_len=192, random_seed=2024, rec_lambda=0.0, revin=0, root_path='./all_datasets/', seq_len=96, stride=8, subtract_last=0, target='OT', test_flop=False, time_dim=2, train_epochs=30, use_amp=False, use_gpu=True, use_multi_gpu=False, use_revin=1)
Use GPU: cuda:0
>>>>>>>start training : traffic_96_192_PULSE_custom_ftM_sl96_pl192_dm16_ax1.0_rl0.0_axlMAE_mf1_test_0>>>>>>>>>>>>>>>>>>>>>>>>>>
train 11993
val 1565
test 3317
	loss_auxi: 6.000373840332031
	iters: 100, epoch: 1 | loss: 6.0003738
	speed: 0.1745s/iter; left time: 961.6485s
Epoch: 1 cost time: 30.497758388519287
Epoch: 1, Steps: 187 | Train Loss: 5.7626634 Vali Loss: 0.4876334 Test Loss: 0.5976202
Validation loss decreased (inf --> 0.487633).  Saving model ...
Updating learning rate to 0.005
	loss_auxi: 3.7187113761901855
	iters: 100, epoch: 2 | loss: 3.7187114
	speed: 0.5811s/iter; left time: 3093.8206s
Epoch: 2 cost time: 29.223952293395996
Epoch: 2, Steps: 187 | Train Loss: 4.7161248 Vali Loss: 0.4110712 Test Loss: 0.4830645
Validation loss decreased (0.487633 --> 0.411071).  Saving model ...
Updating learning rate to 0.005
	loss_auxi: 4.8616414070129395
	iters: 100, epoch: 3 | loss: 4.8616414
	speed: 0.5797s/iter; left time: 2978.0855s
Epoch: 3 cost time: 30.06396174430847
Epoch: 3, Steps: 187 | Train Loss: 4.4978133 Vali Loss: 0.4000110 Test Loss: 0.4768288
Validation loss decreased (0.411071 --> 0.400011).  Saving model ...
Updating learning rate to 0.005
	loss_auxi: 4.6389479637146
	iters: 100, epoch: 4 | loss: 4.6389480
	speed: 0.6194s/iter; left time: 3066.1130s
Epoch: 4 cost time: 32.084545373916626
Epoch: 4, Steps: 187 | Train Loss: 4.4305934 Vali Loss: 0.3945769 Test Loss: 0.4716301
Validation loss decreased (0.400011 --> 0.394577).  Saving model ...
Updating learning rate to 0.004
	loss_auxi: 4.015616416931152
	iters: 100, epoch: 5 | loss: 4.0156164
	speed: 0.6244s/iter; left time: 2974.0051s
Epoch: 5 cost time: 31.66141986846924
Epoch: 5, Steps: 187 | Train Loss: 4.3571200 Vali Loss: 0.3900272 Test Loss: 0.4693379
Validation loss decreased (0.394577 --> 0.390027).  Saving model ...
Updating learning rate to 0.0032000000000000006
	loss_auxi: 4.5171332359313965
	iters: 100, epoch: 6 | loss: 4.5171332
	speed: 0.6104s/iter; left time: 2793.1520s
Epoch: 6 cost time: 30.0477933883667
Epoch: 6, Steps: 187 | Train Loss: 4.2863285 Vali Loss: 0.3891649 Test Loss: 0.4669013
Validation loss decreased (0.390027 --> 0.389165).  Saving model ...
Updating learning rate to 0.0025600000000000006
	loss_auxi: 4.4044904708862305
	iters: 100, epoch: 7 | loss: 4.4044905
	speed: 0.5831s/iter; left time: 2559.3704s
Epoch: 7 cost time: 30.15328550338745
Epoch: 7, Steps: 187 | Train Loss: 4.2662822 Vali Loss: 0.3848836 Test Loss: 0.4631291
Validation loss decreased (0.389165 --> 0.384884).  Saving model ...
Updating learning rate to 0.0020480000000000003
	loss_auxi: 4.638715744018555
	iters: 100, epoch: 8 | loss: 4.6387157
	speed: 0.6202s/iter; left time: 2606.0542s
Epoch: 8 cost time: 31.958544492721558
Epoch: 8, Steps: 187 | Train Loss: 4.2198970 Vali Loss: 0.3816432 Test Loss: 0.4614115
Validation loss decreased (0.384884 --> 0.381643).  Saving model ...
Updating learning rate to 0.0016384000000000004
	loss_auxi: 3.3650004863739014
	iters: 100, epoch: 9 | loss: 3.3650005
	speed: 0.6238s/iter; left time: 2504.3983s
Epoch: 9 cost time: 31.5989990234375
Epoch: 9, Steps: 187 | Train Loss: 4.2142561 Vali Loss: 0.3785913 Test Loss: 0.4599698
Validation loss decreased (0.381643 --> 0.378591).  Saving model ...
Updating learning rate to 0.0013107200000000005
	loss_auxi: 3.628730058670044
	iters: 100, epoch: 10 | loss: 3.6287301
	speed: 0.6078s/iter; left time: 2326.5059s
Epoch: 10 cost time: 30.677632570266724
Epoch: 10, Steps: 187 | Train Loss: 4.2667885 Vali Loss: 0.3780361 Test Loss: 0.4560950
Validation loss decreased (0.378591 --> 0.378036).  Saving model ...
Updating learning rate to 0.0010485760000000005
	loss_auxi: 4.470503807067871
	iters: 100, epoch: 11 | loss: 4.4705038
	speed: 0.5903s/iter; left time: 2149.3594s
Epoch: 11 cost time: 30.119102239608765
Epoch: 11, Steps: 187 | Train Loss: 4.2341579 Vali Loss: 0.3768252 Test Loss: 0.4550947
Validation loss decreased (0.378036 --> 0.376825).  Saving model ...
Updating learning rate to 0.0008388608000000005
	loss_auxi: 4.11759614944458
	iters: 100, epoch: 12 | loss: 4.1175961
	speed: 0.6040s/iter; left time: 2086.3422s
Epoch: 12 cost time: 32.35491991043091
Epoch: 12, Steps: 187 | Train Loss: 4.2250173 Vali Loss: 0.3737880 Test Loss: 0.4529586
Validation loss decreased (0.376825 --> 0.373788).  Saving model ...
Updating learning rate to 0.0006710886400000003
	loss_auxi: 3.4972386360168457
	iters: 100, epoch: 13 | loss: 3.4972386
	speed: 0.6226s/iter; left time: 2033.9355s
Epoch: 13 cost time: 31.9586021900177
Epoch: 13, Steps: 187 | Train Loss: 4.1885986 Vali Loss: 0.3730153 Test Loss: 0.4514531
Validation loss decreased (0.373788 --> 0.373015).  Saving model ...
Updating learning rate to 0.0005368709120000003
	loss_auxi: 4.047281742095947
	iters: 100, epoch: 14 | loss: 4.0472817
	speed: 0.6088s/iter; left time: 1875.0170s
Epoch: 14 cost time: 31.32260489463806
Epoch: 14, Steps: 187 | Train Loss: 4.2028479 Vali Loss: 0.3727280 Test Loss: 0.4501914
Validation loss decreased (0.373015 --> 0.372728).  Saving model ...
Updating learning rate to 0.0004294967296000003
	loss_auxi: 4.49738883972168
	iters: 100, epoch: 15 | loss: 4.4973888
	speed: 0.6029s/iter; left time: 1744.2830s
Epoch: 15 cost time: 30.07762885093689
Epoch: 15, Steps: 187 | Train Loss: 4.1877246 Vali Loss: 0.3718136 Test Loss: 0.4490251
Validation loss decreased (0.372728 --> 0.371814).  Saving model ...
Updating learning rate to 0.0003435973836800002
	loss_auxi: 4.518789768218994
	iters: 100, epoch: 16 | loss: 4.5187898
	speed: 0.5863s/iter; left time: 1586.4694s
Epoch: 16 cost time: 32.14118480682373
