Args in experiment:
Namespace(activation='gelu', add_noise=False, affine=0, auxi_lambda=1.0, auxi_loss='MAE', auxi_mode='fft', auxi_type='complex', batch_size=64, c_out=7, checkpoints='./checkpoints/', cutoff_freq_percentage=0.06, d_ff=2048, d_layers=1, d_model=16, data='custom', data_path='traffic.csv', data_percentage=1.0, dec_in=7, decomposition=0, des='test', devices='0,1', distil=True, do_predict=False, dropout=0, dsa=2, dsb=1, e_layers=2, embed='timeF', embed_type=0, enc_in=862, factor=1, fc_dropout=0.05, features='M', freq='h', gpu=0, head_dropout=0.0, individual=0, inv_len=96, is_training=1, itr=1, kernel_size=25, ksize=5, label_len=0, learning_rate=0.005, leg_degree=2, loss='mse', lradj='type3', model='PULSE', model_id='traffic_96_336', module_first=1, moving_avg=25, n_heads=8, noise_amp=1, noise_freq_percentage=0.05, noise_seed=2023, noise_type='sin', num_workers=10, output_attention=False, padding_patch='end', patch_len=16, patch_size=12, patience=5, pct_start=0.3, pred_len=336, random_seed=2024, rec_lambda=0.0, revin=0, root_path='./all_datasets/', seq_len=96, stride=8, subtract_last=0, target='OT', test_flop=False, time_dim=2, train_epochs=30, use_amp=False, use_gpu=True, use_multi_gpu=False, use_revin=1)
Use GPU: cuda:0
>>>>>>>start training : traffic_96_336_PULSE_custom_ftM_sl96_pl336_dm16_ax1.0_rl0.0_axlMAE_mf1_test_0>>>>>>>>>>>>>>>>>>>>>>>>>>
train 11849
val 1421
test 3173
	loss_auxi: 7.685825347900391
	iters: 100, epoch: 1 | loss: 7.6858253
	speed: 0.2244s/iter; left time: 1222.9638s
Epoch: 1 cost time: 41.178563594818115
Epoch: 1, Steps: 185 | Train Loss: 7.4361230 Vali Loss: 0.5045900 Test Loss: 0.6255056
Validation loss decreased (inf --> 0.504590).  Saving model ...
Updating learning rate to 0.005
	loss_auxi: 6.669158935546875
	iters: 100, epoch: 2 | loss: 6.6691589
	speed: 0.7182s/iter; left time: 3781.8762s
Epoch: 2 cost time: 43.27232789993286
Epoch: 2, Steps: 185 | Train Loss: 6.3741757 Vali Loss: 0.4407127 Test Loss: 0.5399300
Validation loss decreased (0.504590 --> 0.440713).  Saving model ...
Updating learning rate to 0.005
	loss_auxi: 6.2651753425598145
	iters: 100, epoch: 3 | loss: 6.2651753
	speed: 0.8072s/iter; left time: 4101.5863s
Epoch: 3 cost time: 44.79284119606018
Epoch: 3, Steps: 185 | Train Loss: 6.0879918 Vali Loss: 0.4331544 Test Loss: 0.5295456
Validation loss decreased (0.440713 --> 0.433154).  Saving model ...
Updating learning rate to 0.005
	loss_auxi: 6.373058795928955
	iters: 100, epoch: 4 | loss: 6.3730588
	speed: 0.7724s/iter; left time: 3781.6331s
Epoch: 4 cost time: 42.10279560089111
Epoch: 4, Steps: 185 | Train Loss: 5.9963409 Vali Loss: 0.4213776 Test Loss: 0.5135189
Validation loss decreased (0.433154 --> 0.421378).  Saving model ...
Updating learning rate to 0.004
	loss_auxi: 6.214648246765137
	iters: 100, epoch: 5 | loss: 6.2146482
	speed: 0.7693s/iter; left time: 3624.1242s
Epoch: 5 cost time: 44.955934286117554
Epoch: 5, Steps: 185 | Train Loss: 5.8863356 Vali Loss: 0.4122353 Test Loss: 0.5007703
Validation loss decreased (0.421378 --> 0.412235).  Saving model ...
Updating learning rate to 0.0032000000000000006
	loss_auxi: 5.577561378479004
	iters: 100, epoch: 6 | loss: 5.5775614
	speed: 0.8148s/iter; left time: 3687.9845s
Epoch: 6 cost time: 45.107826471328735
Epoch: 6, Steps: 185 | Train Loss: 5.8408418 Vali Loss: 0.4044056 Test Loss: 0.4883934
Validation loss decreased (0.412235 --> 0.404406).  Saving model ...
Updating learning rate to 0.0025600000000000006
	loss_auxi: 6.078474521636963
	iters: 100, epoch: 7 | loss: 6.0784745
	speed: 0.7842s/iter; left time: 3404.2712s
Epoch: 7 cost time: 42.675827980041504
Epoch: 7, Steps: 185 | Train Loss: 5.7920072 Vali Loss: 0.4036180 Test Loss: 0.4838750
Validation loss decreased (0.404406 --> 0.403618).  Saving model ...
Updating learning rate to 0.0020480000000000003
	loss_auxi: 6.132437705993652
	iters: 100, epoch: 8 | loss: 6.1324377
	speed: 0.7590s/iter; left time: 3154.4740s
Epoch: 8 cost time: 42.7122700214386
Epoch: 8, Steps: 185 | Train Loss: 5.7224807 Vali Loss: 0.3977225 Test Loss: 0.4773249
Validation loss decreased (0.403618 --> 0.397723).  Saving model ...
Updating learning rate to 0.0016384000000000004
	loss_auxi: 6.067323207855225
	iters: 100, epoch: 9 | loss: 6.0673232
	speed: 0.8143s/iter; left time: 3233.7733s
Epoch: 9 cost time: 45.85840320587158
Epoch: 9, Steps: 185 | Train Loss: 5.6992877 Vali Loss: 0.3913537 Test Loss: 0.4735450
Validation loss decreased (0.397723 --> 0.391354).  Saving model ...
Updating learning rate to 0.0013107200000000005
	loss_auxi: 5.931095600128174
	iters: 100, epoch: 10 | loss: 5.9310956
	speed: 0.7838s/iter; left time: 2967.6205s
Epoch: 10 cost time: 42.72047138214111
Epoch: 10, Steps: 185 | Train Loss: 5.7559218 Vali Loss: 0.3913488 Test Loss: 0.4725090
Validation loss decreased (0.391354 --> 0.391349).  Saving model ...
Updating learning rate to 0.0010485760000000005
	loss_auxi: 5.080345153808594
	iters: 100, epoch: 11 | loss: 5.0803452
	speed: 0.7713s/iter; left time: 2777.6056s
Epoch: 11 cost time: 43.18852353096008
Epoch: 11, Steps: 185 | Train Loss: 5.7425781 Vali Loss: 0.3887181 Test Loss: 0.4707395
Validation loss decreased (0.391349 --> 0.388718).  Saving model ...
Updating learning rate to 0.0008388608000000005
	loss_auxi: 5.997633934020996
	iters: 100, epoch: 12 | loss: 5.9976339
	speed: 0.7936s/iter; left time: 2711.0543s
Epoch: 12 cost time: 46.1838960647583
Epoch: 12, Steps: 185 | Train Loss: 5.7200545 Vali Loss: 0.3842897 Test Loss: 0.4665139
Validation loss decreased (0.388718 --> 0.384290).  Saving model ...
Updating learning rate to 0.0006710886400000003
	loss_auxi: 5.8835978507995605
	iters: 100, epoch: 13 | loss: 5.8835979
	speed: 0.8090s/iter; left time: 2613.9448s
Epoch: 13 cost time: 44.38159894943237
Epoch: 13, Steps: 185 | Train Loss: 5.6928279 Vali Loss: 0.3850327 Test Loss: 0.4658037
EarlyStopping counter: 1 out of 5
Updating learning rate to 0.0005368709120000003
	loss_auxi: 5.393283367156982
	iters: 100, epoch: 14 | loss: 5.3932834
	speed: 0.7749s/iter; left time: 2360.4559s
Epoch: 14 cost time: 42.72966933250427
Epoch: 14, Steps: 185 | Train Loss: 5.6729905 Vali Loss: 0.3840882 Test Loss: 0.4657891
Validation loss decreased (0.384290 --> 0.384088).  Saving model ...
Updating learning rate to 0.0004294967296000003
	loss_auxi: 4.738216876983643
	iters: 100, epoch: 15 | loss: 4.7382169
	speed: 0.7665s/iter; left time: 2193.0962s
Epoch: 15 cost time: 44.95637011528015
Epoch: 15, Steps: 185 | Train Loss: 5.6717019 Vali Loss: 0.3818056 Test Loss: 0.4634264
Validation loss decreased (0.384088 --> 0.381806).  Saving model ...
Updating learning rate to 0.0003435973836800002
	loss_auxi: 6.002995491027832
	iters: 100, epoch: 16 | loss: 6.0029955
	speed: 0.8074s/iter; left time: 2160.5209s
Epoch: 16 cost time: 44.688538789749146
Epoch: 16, Steps: 185 | Train Loss: 5.6788493 Vali Loss: 0.3815400 Test Loss: 0.4632642
Validation loss decreased (0.381806 --> 0.381540).  Saving model ...
Updating learning rate to 0.0002748779069440002
	loss_auxi: 5.916985988616943
	iters: 100, epoch: 17 | loss: 5.9169860
	speed: 0.7823s/iter; left time: 1948.7245s
Epoch: 17 cost time: 44.1252498626709
Epoch: 17, Steps: 185 | Train Loss: 5.6351225 Vali Loss: 0.3799753 Test Loss: 0.4611792
Validation loss decreased (0.381540 --> 0.379975).  Saving model ...
Updating learning rate to 0.00021990232555520019
