Args in experiment:
Namespace(activation='gelu', add_noise=False, affine=0, auxi_lambda=1.0, auxi_loss='MAE', auxi_mode='fft', auxi_type='complex', batch_size=256, c_out=7, checkpoints='./checkpoints/', cutoff_freq_percentage=0.06, d_ff=2048, d_layers=1, d_model=16, data='ETTm2', data_path='ETTm2.csv', data_percentage=1.0, dec_in=7, decomposition=0, des='test', devices='0,1', distil=True, do_predict=False, dropout=0, dsa=1, dsb=1, e_layers=2, embed='timeF', embed_type=0, enc_in=7, factor=1, fc_dropout=0.05, features='M', freq='t', gpu=0, head_dropout=0.0, individual=0, inv_len=12, is_training=1, itr=1, kernel_size=25, ksize=3, label_len=0, learning_rate=0.005, leg_degree=2, loss='mse', lradj='type3', model='PULSE', model_id='ETTm2_96_720', module_first=1, moving_avg=25, n_heads=8, noise_amp=1, noise_freq_percentage=0.05, noise_seed=2023, noise_type='sin', num_workers=10, output_attention=False, padding_patch='end', patch_len=16, patch_size=24, patience=5, pct_start=0.3, pred_len=720, random_seed=2024, rec_lambda=0.0, revin=0, root_path='./all_datasets/', seq_len=96, stride=8, subtract_last=0, target='OT', test_flop=False, time_dim=2, train_epochs=30, use_amp=False, use_gpu=True, use_multi_gpu=False, use_revin=1)
Use GPU: cuda:0
>>>>>>>start training : ETTm2_96_720_PULSE_ETTm2_ftM_sl96_pl720_dm16_ax1.0_rl0.0_axlMAE_mf1_test_0>>>>>>>>>>>>>>>>>>>>>>>>>>
train 33745
val 10801
test 10801
	loss_auxi: 5.013851165771484
	iters: 100, epoch: 1 | loss: 5.0138512
	speed: 0.0532s/iter; left time: 203.8132s
Epoch: 1 cost time: 5.8727827072143555
Epoch: 1, Steps: 131 | Train Loss: 4.8774545 Vali Loss: 0.2901822 Test Loss: 0.4213457
Validation loss decreased (inf --> 0.290182).  Saving model ...
Updating learning rate to 0.005
	loss_auxi: 4.716203212738037
	iters: 100, epoch: 2 | loss: 4.7162032
	speed: 0.1290s/iter; left time: 477.1520s
Epoch: 2 cost time: 5.539526700973511
Epoch: 2, Steps: 131 | Train Loss: 4.7196561 Vali Loss: 0.2859469 Test Loss: 0.4092143
Validation loss decreased (0.290182 --> 0.285947).  Saving model ...
Updating learning rate to 0.005
	loss_auxi: 4.298663139343262
	iters: 100, epoch: 3 | loss: 4.2986631
	speed: 0.1210s/iter; left time: 431.8071s
Epoch: 3 cost time: 5.558058023452759
Epoch: 3, Steps: 131 | Train Loss: 4.6288032 Vali Loss: 0.2842557 Test Loss: 0.4025334
Validation loss decreased (0.285947 --> 0.284256).  Saving model ...
Updating learning rate to 0.005
	loss_auxi: 4.9851531982421875
	iters: 100, epoch: 4 | loss: 4.9851532
	speed: 0.1229s/iter; left time: 422.5093s
Epoch: 4 cost time: 5.933914661407471
Epoch: 4, Steps: 131 | Train Loss: 4.6460789 Vali Loss: 0.2807599 Test Loss: 0.4009047
Validation loss decreased (0.284256 --> 0.280760).  Saving model ...
Updating learning rate to 0.004
	loss_auxi: 3.508725643157959
	iters: 100, epoch: 5 | loss: 3.5087256
	speed: 0.1309s/iter; left time: 432.8337s
Epoch: 5 cost time: 5.644866466522217
Epoch: 5, Steps: 131 | Train Loss: 4.6005765 Vali Loss: 0.2809795 Test Loss: 0.3930591
EarlyStopping counter: 1 out of 5
Updating learning rate to 0.0032000000000000006
	loss_auxi: 4.8490986824035645
	iters: 100, epoch: 6 | loss: 4.8490987
	speed: 0.1314s/iter; left time: 417.1744s
Epoch: 6 cost time: 5.8880932331085205
Epoch: 6, Steps: 131 | Train Loss: 4.5803327 Vali Loss: 0.2760475 Test Loss: 0.3899444
Validation loss decreased (0.280760 --> 0.276047).  Saving model ...
Updating learning rate to 0.0025600000000000006
	loss_auxi: 4.720577716827393
	iters: 100, epoch: 7 | loss: 4.7205777
	speed: 0.1276s/iter; left time: 388.5901s
Epoch: 7 cost time: 5.831590175628662
Epoch: 7, Steps: 131 | Train Loss: 4.4823877 Vali Loss: 0.2751945 Test Loss: 0.3883553
Validation loss decreased (0.276047 --> 0.275194).  Saving model ...
Updating learning rate to 0.0020480000000000003
	loss_auxi: 4.750598430633545
	iters: 100, epoch: 8 | loss: 4.7505984
	speed: 0.1246s/iter; left time: 363.1623s
Epoch: 8 cost time: 6.2008216381073
Epoch: 8, Steps: 131 | Train Loss: 4.4974567 Vali Loss: 0.2770412 Test Loss: 0.3844123
EarlyStopping counter: 1 out of 5
Updating learning rate to 0.0016384000000000004
	loss_auxi: 4.547054767608643
	iters: 100, epoch: 9 | loss: 4.5470548
	speed: 0.1335s/iter; left time: 371.4116s
Epoch: 9 cost time: 5.687764883041382
Epoch: 9, Steps: 131 | Train Loss: 4.4923049 Vali Loss: 0.2748034 Test Loss: 0.3854425
Validation loss decreased (0.275194 --> 0.274803).  Saving model ...
Updating learning rate to 0.0013107200000000005
	loss_auxi: 4.689417839050293
	iters: 100, epoch: 10 | loss: 4.6894178
	speed: 0.1284s/iter; left time: 340.4184s
Epoch: 10 cost time: 5.745381116867065
Epoch: 10, Steps: 131 | Train Loss: 4.4992434 Vali Loss: 0.2748717 Test Loss: 0.3851601
EarlyStopping counter: 1 out of 5
Updating learning rate to 0.0010485760000000005
	loss_auxi: 4.430419445037842
	iters: 100, epoch: 11 | loss: 4.4304194
	speed: 0.1232s/iter; left time: 310.5678s
Epoch: 11 cost time: 6.079102039337158
Epoch: 11, Steps: 131 | Train Loss: 4.4927157 Vali Loss: 0.2746359 Test Loss: 0.3842824
Validation loss decreased (0.274803 --> 0.274636).  Saving model ...
Updating learning rate to 0.0008388608000000005
	loss_auxi: 4.06980562210083
	iters: 100, epoch: 12 | loss: 4.0698056
	speed: 0.1285s/iter; left time: 307.0025s
Epoch: 12 cost time: 5.58182168006897
Epoch: 12, Steps: 131 | Train Loss: 4.3988697 Vali Loss: 0.2751102 Test Loss: 0.3831935
EarlyStopping counter: 1 out of 5
Updating learning rate to 0.0006710886400000003
	loss_auxi: 4.412003040313721
	iters: 100, epoch: 13 | loss: 4.4120030
	speed: 0.1469s/iter; left time: 331.9530s
Epoch: 13 cost time: 7.082029819488525
Epoch: 13, Steps: 131 | Train Loss: 4.4911446 Vali Loss: 0.2764185 Test Loss: 0.3825639
EarlyStopping counter: 2 out of 5
Updating learning rate to 0.0005368709120000003
	loss_auxi: 3.7059497833251953
	iters: 100, epoch: 14 | loss: 3.7059498
	speed: 0.2131s/iter; left time: 453.4062s
Epoch: 14 cost time: 10.401166200637817
Epoch: 14, Steps: 131 | Train Loss: 4.5092711 Vali Loss: 0.2781436 Test Loss: 0.3817438
EarlyStopping counter: 3 out of 5
Updating learning rate to 0.0004294967296000003
	loss_auxi: 3.5101613998413086
	iters: 100, epoch: 15 | loss: 3.5101614
	speed: 0.1993s/iter; left time: 397.9598s
Epoch: 15 cost time: 9.959534883499146
Epoch: 15, Steps: 131 | Train Loss: 4.5134628 Vali Loss: 0.2781825 Test Loss: 0.3824961
EarlyStopping counter: 4 out of 5
Updating learning rate to 0.0003435973836800002
	loss_auxi: 4.633473873138428
	iters: 100, epoch: 16 | loss: 4.6334739
	speed: 0.1836s/iter; left time: 342.6614s
Epoch: 16 cost time: 8.95492172241211
Epoch: 16, Steps: 131 | Train Loss: 4.4908136 Vali Loss: 0.2741644 Test Loss: 0.3815117
Validation loss decreased (0.274636 --> 0.274164).  Saving model ...
Updating learning rate to 0.0002748779069440002
	loss_auxi: 4.679257869720459
	iters: 100, epoch: 17 | loss: 4.6792579
	speed: 0.1717s/iter; left time: 297.9491s
Epoch: 17 cost time: 8.470154285430908
Epoch: 17, Steps: 131 | Train Loss: 4.5080213 Vali Loss: 0.2772440 Test Loss: 0.3813629
EarlyStopping counter: 1 out of 5
Updating learning rate to 0.00021990232555520019
	loss_auxi: 4.412578105926514
	iters: 100, epoch: 18 | loss: 4.4125781
	speed: 0.1793s/iter; left time: 287.6341s
Epoch: 18 cost time: 9.160163402557373
Epoch: 18, Steps: 131 | Train Loss: 4.4646534 Vali Loss: 0.2775305 Test Loss: 0.3823218
EarlyStopping counter: 2 out of 5
Updating learning rate to 0.00017592186044416015
	loss_auxi: 4.973797798156738
	iters: 100, epoch: 19 | loss: 4.9737978
	speed: 0.1700s/iter; left time: 250.3855s
Epoch: 19 cost time: 8.703976154327393
Epoch: 19, Steps: 131 | Train Loss: 4.4751617 Vali Loss: 0.2739357 Test Loss: 0.3810904
Validation loss decreased (0.274164 --> 0.273936).  Saving model ...
Updating learning rate to 0.00014073748835532812
	loss_auxi: 4.730146408081055
	iters: 100, epoch: 20 | loss: 4.7301464
	speed: 0.1825s/iter; left time: 244.9328s
Epoch: 20 cost time: 9.28424859046936
Epoch: 20, Steps: 131 | Train Loss: 4.4878309 Vali Loss: 0.2747747 Test Loss: 0.3805981
EarlyStopping counter: 1 out of 5
Updating learning rate to 0.00011258999068426252
	loss_auxi: 4.504244804382324
	iters: 100, epoch: 21 | loss: 4.5042448
	speed: 0.1699s/iter; left time: 205.7776s
Epoch: 21 cost time: 8.884660720825195
Epoch: 21, Steps: 131 | Train Loss: 4.4699439 Vali Loss: 0.2748266 Test Loss: 0.3802366
EarlyStopping counter: 2 out of 5
Updating learning rate to 9.007199254741001e-05
	loss_auxi: 4.6289753913879395
	iters: 100, epoch: 22 | loss: 4.6289754
	speed: 0.1762s/iter; left time: 190.2729s
Epoch: 22 cost time: 8.104238748550415
Epoch: 22, Steps: 131 | Train Loss: 4.4802099 Vali Loss: 0.2745680 Test Loss: 0.3804983
EarlyStopping counter: 3 out of 5
Updating learning rate to 7.205759403792801e-05
	loss_auxi: 4.4200310707092285
	iters: 100, epoch: 23 | loss: 4.4200311
	speed: 0.1773s/iter; left time: 168.3013s
Epoch: 23 cost time: 8.5871422290802
Epoch: 23, Steps: 131 | Train Loss: 4.4580274 Vali Loss: 0.2754147 Test Loss: 0.3805607
EarlyStopping counter: 4 out of 5
Updating learning rate to 5.764607523034242e-05
	loss_auxi: 4.535900592803955
	iters: 100, epoch: 24 | loss: 4.5359006
	speed: 0.1769s/iter; left time: 144.6831s
Epoch: 24 cost time: 9.484192371368408
Epoch: 24, Steps: 131 | Train Loss: 4.4572015 Vali Loss: 0.2750339 Test Loss: 0.3802022
EarlyStopping counter: 5 out of 5
Early stopping
>>>>>>>testing : ETTm2_96_720_PULSE_ETTm2_ftM_sl96_pl720_dm16_ax1.0_rl0.0_axlMAE_mf1_test_0<<<<<<<<<<<<<<<<<<<<<<<<<<<<<<<<<
test 10801
mse:0.3742736577987671, mae:0.386919230222702
