Args in experiment:
Namespace(activation='gelu', add_noise=False, affine=0, auxi_lambda=1.0, auxi_loss='MAE', auxi_mode='fft', auxi_type='complex', batch_size=256, c_out=7, checkpoints='./checkpoints/', cutoff_freq_percentage=0.06, d_ff=2048, d_layers=1, d_model=32, data='ETTm1', data_path='ETTm1.csv', data_percentage=1.0, dec_in=7, decomposition=0, des='test', devices='0,1', distil=True, do_predict=False, dropout=0, dsa=2, dsb=1, e_layers=2, embed='timeF', embed_type=0, enc_in=7, factor=1, fc_dropout=0.05, features='M', freq='t', gpu=0, head_dropout=0.0, individual=0, inv_len=24, is_training=1, itr=1, kernel_size=25, ksize=3, label_len=0, learning_rate=0.005, leg_degree=2, loss='mse', lradj='type3', model='PULSE', model_id='ETTm1_96_96', module_first=1, moving_avg=25, n_heads=8, noise_amp=1, noise_freq_percentage=0.05, noise_seed=2023, noise_type='sin', num_workers=10, output_attention=False, padding_patch='end', patch_len=16, patch_size=6, patience=5, pct_start=0.3, pred_len=96, random_seed=2024, rec_lambda=0.0, revin=0, root_path='./all_datasets/', seq_len=96, stride=8, subtract_last=0, target='OT', test_flop=False, time_dim=2, train_epochs=30, use_amp=False, use_gpu=True, use_multi_gpu=False, use_revin=1)
Use GPU: cuda:0
>>>>>>>start training : ETTm1_96_96_PULSE_ETTm1_ftM_sl96_pl96_dm32_ax1.0_rl0.0_axlMAE_mf1_test_0>>>>>>>>>>>>>>>>>>>>>>>>>>
train 34369
val 11425
test 11425
	loss_auxi: 2.4348859786987305
	iters: 100, epoch: 1 | loss: 2.4348860
	speed: 0.1589s/iter; left time: 622.9523s
Epoch: 1 cost time: 20.47783613204956
Epoch: 1, Steps: 134 | Train Loss: 2.4108310 Vali Loss: 0.4180730 Test Loss: 0.3553345
Validation loss decreased (inf --> 0.418073).  Saving model ...
Updating learning rate to 0.005
	loss_auxi: 1.7530603408813477
	iters: 100, epoch: 2 | loss: 1.7530603
	speed: 0.4945s/iter; left time: 1872.7200s
Epoch: 2 cost time: 22.084282159805298
Epoch: 2, Steps: 134 | Train Loss: 2.2045863 Vali Loss: 0.3906091 Test Loss: 0.3166007
Validation loss decreased (0.418073 --> 0.390609).  Saving model ...
Updating learning rate to 0.005
	loss_auxi: 2.185844898223877
	iters: 100, epoch: 3 | loss: 2.1858449
	speed: 0.4641s/iter; left time: 1695.4969s
Epoch: 3 cost time: 21.98601794242859
Epoch: 3, Steps: 134 | Train Loss: 2.1161014 Vali Loss: 0.3899912 Test Loss: 0.3124605
Validation loss decreased (0.390609 --> 0.389991).  Saving model ...
Updating learning rate to 0.005
	loss_auxi: 1.6632903814315796
	iters: 100, epoch: 4 | loss: 1.6632904
	speed: 0.4735s/iter; left time: 1666.1946s
Epoch: 4 cost time: 22.36588954925537
Epoch: 4, Steps: 134 | Train Loss: 2.1113472 Vali Loss: 0.3854318 Test Loss: 0.3223282
Validation loss decreased (0.389991 --> 0.385432).  Saving model ...
Updating learning rate to 0.004
	loss_auxi: 2.1741836071014404
	iters: 100, epoch: 5 | loss: 2.1741836
	speed: 0.4583s/iter; left time: 1551.2761s
Epoch: 5 cost time: 21.528770923614502
Epoch: 5, Steps: 134 | Train Loss: 2.0957656 Vali Loss: 0.3772409 Test Loss: 0.3115001
Validation loss decreased (0.385432 --> 0.377241).  Saving model ...
Updating learning rate to 0.0032000000000000006
	loss_auxi: 2.1944262981414795
	iters: 100, epoch: 6 | loss: 2.1944263
	speed: 0.4581s/iter; left time: 1489.2100s
Epoch: 6 cost time: 22.430948495864868
Epoch: 6, Steps: 134 | Train Loss: 2.0693426 Vali Loss: 0.3762233 Test Loss: 0.3112800
Validation loss decreased (0.377241 --> 0.376223).  Saving model ...
Updating learning rate to 0.0025600000000000006
	loss_auxi: 2.1944992542266846
	iters: 100, epoch: 7 | loss: 2.1944993
	speed: 0.4444s/iter; left time: 1385.2074s
Epoch: 7 cost time: 21.784932136535645
Epoch: 7, Steps: 134 | Train Loss: 2.0568591 Vali Loss: 0.3722715 Test Loss: 0.3064311
Validation loss decreased (0.376223 --> 0.372272).  Saving model ...
Updating learning rate to 0.0020480000000000003
	loss_auxi: 2.052069664001465
	iters: 100, epoch: 8 | loss: 2.0520697
	speed: 0.4374s/iter; left time: 1304.7672s
Epoch: 8 cost time: 21.494144916534424
Epoch: 8, Steps: 134 | Train Loss: 2.0243002 Vali Loss: 0.3728436 Test Loss: 0.3082971
EarlyStopping counter: 1 out of 5
Updating learning rate to 0.0016384000000000004
	loss_auxi: 2.1111512184143066
	iters: 100, epoch: 9 | loss: 2.1111512
	speed: 0.4583s/iter; left time: 1305.6144s
Epoch: 9 cost time: 21.39542865753174
Epoch: 9, Steps: 134 | Train Loss: 2.0396035 Vali Loss: 0.3694435 Test Loss: 0.3059404
Validation loss decreased (0.372272 --> 0.369444).  Saving model ...
Updating learning rate to 0.0013107200000000005
	loss_auxi: 1.714277744293213
	iters: 100, epoch: 10 | loss: 1.7142777
	speed: 0.4278s/iter; left time: 1161.3420s
Epoch: 10 cost time: 20.97243571281433
Epoch: 10, Steps: 134 | Train Loss: 2.0294483 Vali Loss: 0.3673004 Test Loss: 0.3050162
Validation loss decreased (0.369444 --> 0.367300).  Saving model ...
Updating learning rate to 0.0010485760000000005
	loss_auxi: 1.6563342809677124
	iters: 100, epoch: 11 | loss: 1.6563343
	speed: 0.4348s/iter; left time: 1122.2184s
Epoch: 11 cost time: 21.92317223548889
Epoch: 11, Steps: 134 | Train Loss: 2.0100851 Vali Loss: 0.3674020 Test Loss: 0.3042396
EarlyStopping counter: 1 out of 5
Updating learning rate to 0.0008388608000000005
	loss_auxi: 2.2294416427612305
	iters: 100, epoch: 12 | loss: 2.2294416
	speed: 0.4313s/iter; left time: 1055.3540s
Epoch: 12 cost time: 21.195699214935303
Epoch: 12, Steps: 134 | Train Loss: 1.9864304 Vali Loss: 0.3665640 Test Loss: 0.3031074
Validation loss decreased (0.367300 --> 0.366564).  Saving model ...
Updating learning rate to 0.0006710886400000003
	loss_auxi: 1.793610692024231
	iters: 100, epoch: 13 | loss: 1.7936107
	speed: 0.4290s/iter; left time: 992.2424s
Epoch: 13 cost time: 18.43832802772522
Epoch: 13, Steps: 134 | Train Loss: 2.0235304 Vali Loss: 0.3663909 Test Loss: 0.3029940
Validation loss decreased (0.366564 --> 0.366391).  Saving model ...
Updating learning rate to 0.0005368709120000003
	loss_auxi: 1.769457221031189
	iters: 100, epoch: 14 | loss: 1.7694572
	speed: 0.4347s/iter; left time: 947.1544s
Epoch: 14 cost time: 21.32889175415039
Epoch: 14, Steps: 134 | Train Loss: 2.0421350 Vali Loss: 0.3641553 Test Loss: 0.3026383
Validation loss decreased (0.366391 --> 0.364155).  Saving model ...
Updating learning rate to 0.0004294967296000003
	loss_auxi: 1.8042962551116943
	iters: 100, epoch: 15 | loss: 1.8042963
	speed: 0.4803s/iter; left time: 982.3113s
Epoch: 15 cost time: 22.873754024505615
Epoch: 15, Steps: 134 | Train Loss: 2.0172243 Vali Loss: 0.3636764 Test Loss: 0.3016499
Validation loss decreased (0.364155 --> 0.363676).  Saving model ...
Updating learning rate to 0.0003435973836800002
	loss_auxi: 1.6105339527130127
	iters: 100, epoch: 16 | loss: 1.6105340
	speed: 0.4844s/iter; left time: 925.6446s
Epoch: 16 cost time: 22.032557725906372
Epoch: 16, Steps: 134 | Train Loss: 2.0274526 Vali Loss: 0.3638061 Test Loss: 0.3019882
EarlyStopping counter: 1 out of 5
Updating learning rate to 0.0002748779069440002
	loss_auxi: 2.126514196395874
	iters: 100, epoch: 17 | loss: 2.1265142
	speed: 0.4944s/iter; left time: 878.6303s
Epoch: 17 cost time: 23.25482487678528
Epoch: 17, Steps: 134 | Train Loss: 2.0138751 Vali Loss: 0.3614258 Test Loss: 0.3013462
Validation loss decreased (0.363676 --> 0.361426).  Saving model ...
Updating learning rate to 0.00021990232555520019
	loss_auxi: 1.6867636442184448
	iters: 100, epoch: 18 | loss: 1.6867636
	speed: 0.4768s/iter; left time: 783.4057s
Epoch: 18 cost time: 21.75742268562317
Epoch: 18, Steps: 134 | Train Loss: 2.0060194 Vali Loss: 0.3629169 Test Loss: 0.3023324
EarlyStopping counter: 1 out of 5
Updating learning rate to 0.00017592186044416015
	loss_auxi: 2.167062282562256
	iters: 100, epoch: 19 | loss: 2.1670623
	speed: 0.5050s/iter; left time: 762.0687s
Epoch: 19 cost time: 23.06111168861389
Epoch: 19, Steps: 134 | Train Loss: 1.9898475 Vali Loss: 0.3627216 Test Loss: 0.3016225
EarlyStopping counter: 2 out of 5
Updating learning rate to 0.00014073748835532812
	loss_auxi: 2.0777783393859863
	iters: 100, epoch: 20 | loss: 2.0777783
	speed: 0.4855s/iter; left time: 667.5441s
Epoch: 20 cost time: 22.179584503173828
Epoch: 20, Steps: 134 | Train Loss: 2.0185719 Vali Loss: 0.3618072 Test Loss: 0.3013196
EarlyStopping counter: 3 out of 5
Updating learning rate to 0.00011258999068426252
	loss_auxi: 2.1060192584991455
	iters: 100, epoch: 21 | loss: 2.1060193
	speed: 0.4886s/iter; left time: 606.4084s
Epoch: 21 cost time: 22.717499017715454
Epoch: 21, Steps: 134 | Train Loss: 2.0132960 Vali Loss: 0.3627379 Test Loss: 0.3023190
EarlyStopping counter: 4 out of 5
Updating learning rate to 9.007199254741001e-05
	loss_auxi: 1.9539180994033813
	iters: 100, epoch: 22 | loss: 1.9539181
	speed: 0.4872s/iter; left time: 539.3824s
Epoch: 22 cost time: 22.251676321029663
Epoch: 22, Steps: 134 | Train Loss: 2.0099714 Vali Loss: 0.3617523 Test Loss: 0.3016689
EarlyStopping counter: 5 out of 5
Early stopping
>>>>>>>testing : ETTm1_96_96_PULSE_ETTm1_ftM_sl96_pl96_dm32_ax1.0_rl0.0_axlMAE_mf1_test_0<<<<<<<<<<<<<<<<<<<<<<<<<<<<<<<<<
test 11425
mse:0.3029312193393707, mae:0.3464782238006592
