Args in experiment:
Namespace(activation='gelu', add_noise=False, affine=0, auxi_lambda=1.0, auxi_loss='MAE', auxi_mode='fft', auxi_type='complex', batch_size=64, c_out=7, checkpoints='./checkpoints/', cutoff_freq_percentage=0.06, d_ff=2048, d_layers=1, d_model=16, data='custom', data_path='electricity.csv', data_percentage=1.0, dec_in=7, decomposition=0, des='test', devices='0,1', distil=True, do_predict=False, dropout=0, dsa=4, dsb=1, e_layers=2, embed='timeF', embed_type=0, enc_in=321, factor=1, fc_dropout=0.05, features='M', freq='h', gpu=0, head_dropout=0.0, individual=0, inv_len=12, is_training=1, itr=1, kernel_size=25, ksize=5, label_len=0, learning_rate=0.005, leg_degree=2, loss='mse', lradj='type3', model='PULSE', model_id='Electricity_96_336', module_first=1, moving_avg=25, n_heads=8, noise_amp=1, noise_freq_percentage=0.05, noise_seed=2023, noise_type='sin', num_workers=10, output_attention=False, padding_patch='end', patch_len=16, patch_size=24, patience=5, pct_start=0.3, pred_len=336, random_seed=2024, rec_lambda=0.0, revin=0, root_path='./all_datasets/', seq_len=96, stride=8, subtract_last=0, target='OT', test_flop=False, time_dim=2, train_epochs=30, use_amp=False, use_gpu=True, use_multi_gpu=False, use_revin=1)
Use GPU: cuda:0
>>>>>>>start training : Electricity_96_336_PULSE_custom_ftM_sl96_pl336_dm16_ax1.0_rl0.0_axlMAE_mf1_test_0>>>>>>>>>>>>>>>>>>>>>>>>>>
train 17981
val 2297
test 4925
	loss_auxi: 4.937810897827148
	iters: 100, epoch: 1 | loss: 4.9378109
	speed: 0.1815s/iter; left time: 1506.7472s
	loss_auxi: 4.724859714508057
	iters: 200, epoch: 1 | loss: 4.7248597
	speed: 0.1842s/iter; left time: 1510.8065s
Epoch: 1 cost time: 51.38159489631653
Epoch: 1, Steps: 280 | Train Loss: 4.7279911 Vali Loss: 0.1840769 Test Loss: 0.2106734
Validation loss decreased (inf --> 0.184077).  Saving model ...
Updating learning rate to 0.005
	loss_auxi: 4.057641983032227
	iters: 100, epoch: 2 | loss: 4.0576420
	speed: 0.7743s/iter; left time: 6210.5858s
	loss_auxi: 4.125631809234619
	iters: 200, epoch: 2 | loss: 4.1256318
	speed: 0.1793s/iter; left time: 1419.9937s
Epoch: 2 cost time: 49.909454107284546
Epoch: 2, Steps: 280 | Train Loss: 3.9942566 Vali Loss: 0.1522354 Test Loss: 0.1785138
Validation loss decreased (0.184077 --> 0.152235).  Saving model ...
Updating learning rate to 0.005
	loss_auxi: 4.240913391113281
	iters: 100, epoch: 3 | loss: 4.2409134
	speed: 0.6127s/iter; left time: 4742.7857s
	loss_auxi: 3.4516069889068604
	iters: 200, epoch: 3 | loss: 3.4516070
	speed: 0.1419s/iter; left time: 1084.0040s
Epoch: 3 cost time: 44.986549615859985
Epoch: 3, Steps: 280 | Train Loss: 3.8455472 Vali Loss: 0.1486825 Test Loss: 0.1741079
Validation loss decreased (0.152235 --> 0.148682).  Saving model ...
Updating learning rate to 0.005
	loss_auxi: 4.092932224273682
	iters: 100, epoch: 4 | loss: 4.0929322
	speed: 0.6447s/iter; left time: 4810.3275s
	loss_auxi: 3.4853806495666504
	iters: 200, epoch: 4 | loss: 3.4853806
	speed: 0.1850s/iter; left time: 1361.7905s
Epoch: 4 cost time: 51.32520294189453
Epoch: 4, Steps: 280 | Train Loss: 3.7943133 Vali Loss: 0.1473321 Test Loss: 0.1736376
Validation loss decreased (0.148682 --> 0.147332).  Saving model ...
Updating learning rate to 0.004
	loss_auxi: 4.1938910484313965
	iters: 100, epoch: 5 | loss: 4.1938910
	speed: 0.7975s/iter; left time: 5726.7388s
	loss_auxi: 3.992218494415283
	iters: 200, epoch: 5 | loss: 3.9922185
	speed: 0.1779s/iter; left time: 1259.4842s
Epoch: 5 cost time: 52.62138843536377
Epoch: 5, Steps: 280 | Train Loss: 3.7668777 Vali Loss: 0.1460008 Test Loss: 0.1703126
Validation loss decreased (0.147332 --> 0.146001).  Saving model ...
Updating learning rate to 0.0032000000000000006
	loss_auxi: 3.096168041229248
	iters: 100, epoch: 6 | loss: 3.0961680
	speed: 0.7447s/iter; left time: 5139.4766s
	loss_auxi: 3.983991861343384
	iters: 200, epoch: 6 | loss: 3.9839919
	speed: 0.1772s/iter; left time: 1205.0750s
Epoch: 6 cost time: 49.66154193878174
Epoch: 6, Steps: 280 | Train Loss: 3.7104090 Vali Loss: 0.1447406 Test Loss: 0.1694715
Validation loss decreased (0.146001 --> 0.144741).  Saving model ...
Updating learning rate to 0.0025600000000000006
	loss_auxi: 3.9638941287994385
	iters: 100, epoch: 7 | loss: 3.9638941
	speed: 0.7777s/iter; left time: 5148.8660s
	loss_auxi: 3.9263575077056885
	iters: 200, epoch: 7 | loss: 3.9263575
	speed: 0.1825s/iter; left time: 1190.0308s
Epoch: 7 cost time: 53.267852783203125
Epoch: 7, Steps: 280 | Train Loss: 3.7607090 Vali Loss: 0.1445673 Test Loss: 0.1696429
Validation loss decreased (0.144741 --> 0.144567).  Saving model ...
Updating learning rate to 0.0020480000000000003
	loss_auxi: 2.9749443531036377
	iters: 100, epoch: 8 | loss: 2.9749444
	speed: 0.8196s/iter; left time: 5197.1133s
	loss_auxi: 3.131610870361328
	iters: 200, epoch: 8 | loss: 3.1316109
	speed: 0.1843s/iter; left time: 1150.1096s
Epoch: 8 cost time: 53.57891583442688
Epoch: 8, Steps: 280 | Train Loss: 3.7452331 Vali Loss: 0.1427893 Test Loss: 0.1690716
Validation loss decreased (0.144567 --> 0.142789).  Saving model ...
Updating learning rate to 0.0016384000000000004
	loss_auxi: 3.5073680877685547
	iters: 100, epoch: 9 | loss: 3.5073681
	speed: 0.7741s/iter; left time: 4691.5761s
	loss_auxi: 3.8507559299468994
	iters: 200, epoch: 9 | loss: 3.8507559
	speed: 0.1820s/iter; left time: 1084.7607s
Epoch: 9 cost time: 52.14292311668396
Epoch: 9, Steps: 280 | Train Loss: 3.6992037 Vali Loss: 0.1430920 Test Loss: 0.1681132
EarlyStopping counter: 1 out of 5
Updating learning rate to 0.0013107200000000005
	loss_auxi: 3.6253433227539062
	iters: 100, epoch: 10 | loss: 3.6253433
	speed: 0.8339s/iter; left time: 4820.8755s
	loss_auxi: 3.8426239490509033
	iters: 200, epoch: 10 | loss: 3.8426239
	speed: 0.1883s/iter; left time: 1069.8662s
Epoch: 10 cost time: 54.218934297561646
Epoch: 10, Steps: 280 | Train Loss: 3.7130965 Vali Loss: 0.1423736 Test Loss: 0.1681870
Validation loss decreased (0.142789 --> 0.142374).  Saving model ...
Updating learning rate to 0.0010485760000000005
	loss_auxi: 3.8142919540405273
	iters: 100, epoch: 11 | loss: 3.8142920
	speed: 0.7785s/iter; left time: 4282.4396s
	loss_auxi: 3.92553973197937
	iters: 200, epoch: 11 | loss: 3.9255397
	speed: 0.1765s/iter; left time: 953.0072s
Epoch: 11 cost time: 50.63393545150757
Epoch: 11, Steps: 280 | Train Loss: 3.6725563 Vali Loss: 0.1415836 Test Loss: 0.1676443
Validation loss decreased (0.142374 --> 0.141584).  Saving model ...
Updating learning rate to 0.0008388608000000005
	loss_auxi: 3.3490047454833984
	iters: 100, epoch: 12 | loss: 3.3490047
	speed: 0.7520s/iter; left time: 3925.9798s
	loss_auxi: 3.976947784423828
	iters: 200, epoch: 12 | loss: 3.9769478
	speed: 0.1890s/iter; left time: 967.8010s
Epoch: 12 cost time: 53.977248430252075
Epoch: 12, Steps: 280 | Train Loss: 3.7129302 Vali Loss: 0.1419120 Test Loss: 0.1671346
EarlyStopping counter: 1 out of 5
Updating learning rate to 0.0006710886400000003
	loss_auxi: 3.2482478618621826
	iters: 100, epoch: 13 | loss: 3.2482479
	speed: 0.8022s/iter; left time: 3963.5842s
	loss_auxi: 3.8828086853027344
	iters: 200, epoch: 13 | loss: 3.8828087
	speed: 0.1722s/iter; left time: 833.8038s
Epoch: 13 cost time: 51.59528374671936
Epoch: 13, Steps: 280 | Train Loss: 3.6811986 Vali Loss: 0.1414536 Test Loss: 0.1671088
Validation loss decreased (0.141584 --> 0.141454).  Saving model ...
Updating learning rate to 0.0005368709120000003
	loss_auxi: 4.0082292556762695
	iters: 100, epoch: 14 | loss: 4.0082293
	speed: 0.7449s/iter; left time: 3472.1883s
	loss_auxi: 3.971809148788452
	iters: 200, epoch: 14 | loss: 3.9718091
	speed: 0.1657s/iter; left time: 755.7847s
Epoch: 14 cost time: 47.04489755630493
Epoch: 14, Steps: 280 | Train Loss: 3.7244535 Vali Loss: 0.1412202 Test Loss: 0.1673934
Validation loss decreased (0.141454 --> 0.141220).  Saving model ...
Updating learning rate to 0.0004294967296000003
	loss_auxi: 3.9361135959625244
	iters: 100, epoch: 15 | loss: 3.9361136
	speed: 0.7533s/iter; left time: 3300.0766s
	loss_auxi: 3.8574025630950928
	iters: 200, epoch: 15 | loss: 3.8574026
	speed: 0.1878s/iter; left time: 803.8789s
Epoch: 15 cost time: 54.293715715408325
Epoch: 15, Steps: 280 | Train Loss: 3.6527884 Vali Loss: 0.1408673 Test Loss: 0.1672084
Validation loss decreased (0.141220 --> 0.140867).  Saving model ...
Updating learning rate to 0.0003435973836800002
	loss_auxi: 3.7704243659973145
	iters: 100, epoch: 16 | loss: 3.7704244
	speed: 0.7679s/iter; left time: 3149.2266s
	loss_auxi: 3.9430904388427734
	iters: 200, epoch: 16 | loss: 3.9430904
	speed: 0.1779s/iter; left time: 711.8340s
Epoch: 16 cost time: 49.592737913131714
Epoch: 16, Steps: 280 | Train Loss: 3.6975426 Vali Loss: 0.1413306 Test Loss: 0.1667228
EarlyStopping counter: 1 out of 5
Updating learning rate to 0.0002748779069440002
	loss_auxi: 3.8700578212738037
	iters: 100, epoch: 17 | loss: 3.8700578
	speed: 0.7104s/iter; left time: 2714.2964s
	loss_auxi: 2.987666606903076
	iters: 200, epoch: 17 | loss: 2.9876666
	speed: 0.1730s/iter; left time: 643.7269s
