Args in experiment:
Namespace(activation='gelu', add_noise=False, affine=0, auxi_lambda=1.0, auxi_loss='MAE', auxi_mode='fft', auxi_type='complex', batch_size=256, c_out=7, checkpoints='./checkpoints/', cutoff_freq_percentage=0.06, d_ff=2048, d_layers=1, d_model=16, data='ETTh1', data_path='ETTh1.csv', data_percentage=1.0, day_length=7, dec_in=7, decomposition=0, des='test', devices='0,1', distil=True, do_predict=False, dropout=0, dsa=1, dsb=1, e_layers=2, embed='timeF', embed_type=0, enc_in=7, factor=1, fc_dropout=0.05, features='M', freq='h', gpu=0, head_dropout=0.0, hour_length=24, individual=0, inv_len=96, is_training=1, itr=1, kernel_size=25, ksize=5, label_len=0, learning_rate=0.005, leg_degree=2, loss='mse', lradj='type3', model='PULSE', model_id='ETTh1_96_96', module_first=1, moving_avg=25, n_heads=8, noise_amp=1, noise_freq_percentage=0.05, noise_seed=2023, noise_type='sin', num_workers=10, output_attention=False, padding_patch='end', patch_len=16, patch_size=24, patience=5, pct_start=0.3, pred_len=96, random_seed=2024, rec_lambda=0.0, revin=0, root_path='./all_datasets/', seq_len=96, stride=8, subtract_last=0, target='OT', test_flop=False, time_dim=1, train_epochs=30, use_amp=False, use_day_index=0, use_gpu=True, use_hour_index=1, use_multi_gpu=False, use_revin=1)
Use GPU: cuda:0
>>>>>>>start training : ETTh1_96_96_PULSE_ftM_sl96_pl96_hi1_di0_hl24_dl7_dm16_ax1.0_rl0.0_axlMAE_mf1_test_0>>>>>>>>>>>>>>>>>>>>>>>>>>
train 8449
val 2785
test 2785
Epoch: 1 cost time: 3.9168014526367188
Epoch: 1, Steps: 33 | Train Loss: 3.3767157 Vali Loss: 0.9837130 Test Loss: 0.5611794
Validation loss decreased (inf --> 0.983713).  Saving model ...
Updating learning rate to 0.005
Epoch: 2 cost time: 3.489036798477173
Epoch: 2, Steps: 33 | Train Loss: 3.0985867 Vali Loss: 0.7473492 Test Loss: 0.4032114
Validation loss decreased (0.983713 --> 0.747349).  Saving model ...
Updating learning rate to 0.005
Epoch: 3 cost time: 3.5944509506225586
Epoch: 3, Steps: 33 | Train Loss: 2.8864611 Vali Loss: 0.7168270 Test Loss: 0.3771309
Validation loss decreased (0.747349 --> 0.716827).  Saving model ...
Updating learning rate to 0.005
Epoch: 4 cost time: 3.6971678733825684
Epoch: 4, Steps: 33 | Train Loss: 2.8717268 Vali Loss: 0.7093372 Test Loss: 0.3711230
Validation loss decreased (0.716827 --> 0.709337).  Saving model ...
Updating learning rate to 0.004
Epoch: 5 cost time: 3.5573055744171143
Epoch: 5, Steps: 33 | Train Loss: 2.8996405 Vali Loss: 0.7185173 Test Loss: 0.3702177
EarlyStopping counter: 1 out of 5
Updating learning rate to 0.0032000000000000006
Epoch: 6 cost time: 3.696322441101074
Epoch: 6, Steps: 33 | Train Loss: 2.8852569 Vali Loss: 0.6956425 Test Loss: 0.3650285
Validation loss decreased (0.709337 --> 0.695642).  Saving model ...
Updating learning rate to 0.0025600000000000006
Epoch: 7 cost time: 2.822056293487549
Epoch: 7, Steps: 33 | Train Loss: 2.8632518 Vali Loss: 0.6987413 Test Loss: 0.3652281
EarlyStopping counter: 1 out of 5
Updating learning rate to 0.0020480000000000003
Epoch: 8 cost time: 3.3744826316833496
Epoch: 8, Steps: 33 | Train Loss: 2.8046602 Vali Loss: 0.7048868 Test Loss: 0.3669063
EarlyStopping counter: 2 out of 5
Updating learning rate to 0.0016384000000000004
Epoch: 9 cost time: 3.3112869262695312
Epoch: 9, Steps: 33 | Train Loss: 2.8264839 Vali Loss: 0.6928628 Test Loss: 0.3656581
Validation loss decreased (0.695642 --> 0.692863).  Saving model ...
Updating learning rate to 0.0013107200000000005
Epoch: 10 cost time: 3.4708704948425293
Epoch: 10, Steps: 33 | Train Loss: 2.7593473 Vali Loss: 0.6941799 Test Loss: 0.3642743
EarlyStopping counter: 1 out of 5
Updating learning rate to 0.0010485760000000005
Epoch: 11 cost time: 3.5087685585021973
Epoch: 11, Steps: 33 | Train Loss: 2.8069868 Vali Loss: 0.6938088 Test Loss: 0.3649438
EarlyStopping counter: 2 out of 5
Updating learning rate to 0.0008388608000000005
Epoch: 12 cost time: 3.341632127761841
Epoch: 12, Steps: 33 | Train Loss: 2.8441199 Vali Loss: 0.6876670 Test Loss: 0.3637080
Validation loss decreased (0.692863 --> 0.687667).  Saving model ...
Updating learning rate to 0.0006710886400000003
Epoch: 13 cost time: 3.3079895973205566
Epoch: 13, Steps: 33 | Train Loss: 2.8640592 Vali Loss: 0.6957234 Test Loss: 0.3630104
EarlyStopping counter: 1 out of 5
Updating learning rate to 0.0005368709120000003
Epoch: 14 cost time: 3.5114920139312744
Epoch: 14, Steps: 33 | Train Loss: 2.7681692 Vali Loss: 0.6902953 Test Loss: 0.3626774
EarlyStopping counter: 2 out of 5
Updating learning rate to 0.0004294967296000003
Epoch: 15 cost time: 3.3012564182281494
Epoch: 15, Steps: 33 | Train Loss: 2.8644554 Vali Loss: 0.6865865 Test Loss: 0.3626154
Validation loss decreased (0.687667 --> 0.686586).  Saving model ...
Updating learning rate to 0.0003435973836800002
Epoch: 16 cost time: 3.591092586517334
Epoch: 16, Steps: 33 | Train Loss: 2.8587079 Vali Loss: 0.6929290 Test Loss: 0.3627649
EarlyStopping counter: 1 out of 5
Updating learning rate to 0.0002748779069440002
Epoch: 17 cost time: 3.4892146587371826
Epoch: 17, Steps: 33 | Train Loss: 2.8236169 Vali Loss: 0.6933967 Test Loss: 0.3627302
EarlyStopping counter: 2 out of 5
Updating learning rate to 0.00021990232555520019
Epoch: 18 cost time: 3.2693090438842773
Epoch: 18, Steps: 33 | Train Loss: 2.7947766 Vali Loss: 0.6868578 Test Loss: 0.3619039
EarlyStopping counter: 3 out of 5
Updating learning rate to 0.00017592186044416015
Epoch: 19 cost time: 3.458174228668213
Epoch: 19, Steps: 33 | Train Loss: 2.7700277 Vali Loss: 0.6872204 Test Loss: 0.3622074
EarlyStopping counter: 4 out of 5
Updating learning rate to 0.00014073748835532812
Epoch: 20 cost time: 3.4854304790496826
Epoch: 20, Steps: 33 | Train Loss: 2.8509457 Vali Loss: 0.6836729 Test Loss: 0.3621266
Validation loss decreased (0.686586 --> 0.683673).  Saving model ...
Updating learning rate to 0.00011258999068426252
Epoch: 21 cost time: 3.4021856784820557
Epoch: 21, Steps: 33 | Train Loss: 2.8347635 Vali Loss: 0.6904932 Test Loss: 0.3622767
EarlyStopping counter: 1 out of 5
Updating learning rate to 9.007199254741001e-05
Epoch: 22 cost time: 3.249058961868286
Epoch: 22, Steps: 33 | Train Loss: 2.8407537 Vali Loss: 0.6922330 Test Loss: 0.3623830
EarlyStopping counter: 2 out of 5
Updating learning rate to 7.205759403792801e-05
Epoch: 23 cost time: 3.4029181003570557
Epoch: 23, Steps: 33 | Train Loss: 2.7657279 Vali Loss: 0.6943704 Test Loss: 0.3623383
EarlyStopping counter: 3 out of 5
Updating learning rate to 5.764607523034242e-05
Epoch: 24 cost time: 3.4310898780822754
Epoch: 24, Steps: 33 | Train Loss: 2.8688789 Vali Loss: 0.6936181 Test Loss: 0.3624492
EarlyStopping counter: 4 out of 5
Updating learning rate to 4.611686018427394e-05
Epoch: 25 cost time: 3.45272159576416
Epoch: 25, Steps: 33 | Train Loss: 2.7304511 Vali Loss: 0.6920198 Test Loss: 0.3623230
EarlyStopping counter: 5 out of 5
Early stopping
>>>>>>>testing : ETTh1_96_96_PULSE_ftM_sl96_pl96_hi1_di0_hl24_dl7_dm16_ax1.0_rl0.0_axlMAE_mf1_test_0<<<<<<<<<<<<<<<<<<<<<<<<<<<<<<<<<
test 2785
mse:0.3613611161708832, mae:0.3898952007293701
