Args in experiment:
Namespace(activation='gelu', add_noise=False, affine=0, auxi_lambda=1.0, auxi_loss='MAE', auxi_mode='fft', auxi_type='complex', batch_size=256, c_out=7, checkpoints='./checkpoints/', cutoff_freq_percentage=0.06, d_ff=2048, d_layers=1, d_model=16, data='ETTh1', data_path='ETTh1.csv', data_percentage=1.0, day_length=7, dec_in=7, decomposition=0, des='test', devices='0,1', distil=True, do_predict=False, dropout=0, dsa=1, dsb=1, e_layers=2, embed='timeF', embed_type=0, enc_in=7, factor=1, fc_dropout=0.05, features='M', freq='h', gpu=0, head_dropout=0.0, hour_length=24, individual=0, inv_len=24, is_training=1, itr=1, kernel_size=25, ksize=5, label_len=0, learning_rate=0.005, leg_degree=2, loss='mse', lradj='type3', model='PULSE', model_id='ETTh1_96_192', module_first=1, moving_avg=25, n_heads=8, noise_amp=1, noise_freq_percentage=0.05, noise_seed=2023, noise_type='sin', num_workers=10, output_attention=False, padding_patch='end', patch_len=16, patch_size=24, patience=5, pct_start=0.3, pred_len=192, random_seed=2024, rec_lambda=0.0, revin=0, root_path='./all_datasets/', seq_len=96, stride=8, subtract_last=0, target='OT', test_flop=False, time_dim=1, train_epochs=30, use_amp=False, use_day_index=0, use_gpu=True, use_hour_index=1, use_multi_gpu=False, use_revin=1)
Use GPU: cuda:0
>>>>>>>start training : ETTh1_96_192_PULSE_ftM_sl96_pl192_hi1_di0_hl24_dl7_dm16_ax1.0_rl0.0_axlMAE_mf1_test_0>>>>>>>>>>>>>>>>>>>>>>>>>>
train 8353
val 2689
test 2689
Epoch: 1 cost time: 4.729021310806274
Epoch: 1, Steps: 32 | Train Loss: 4.6994211 Vali Loss: 1.3184884 Test Loss: 0.6519582
Validation loss decreased (inf --> 1.318488).  Saving model ...
Updating learning rate to 0.005
Epoch: 2 cost time: 4.323585748672485
Epoch: 2, Steps: 32 | Train Loss: 4.4073077 Vali Loss: 1.0301037 Test Loss: 0.4416993
Validation loss decreased (1.318488 --> 1.030104).  Saving model ...
Updating learning rate to 0.005
Epoch: 3 cost time: 4.71599006652832
Epoch: 3, Steps: 32 | Train Loss: 4.1682266 Vali Loss: 1.0108150 Test Loss: 0.4342863
Validation loss decreased (1.030104 --> 1.010815).  Saving model ...
Updating learning rate to 0.005
Epoch: 4 cost time: 4.436567783355713
Epoch: 4, Steps: 32 | Train Loss: 4.1158876 Vali Loss: 1.0121518 Test Loss: 0.4321100
EarlyStopping counter: 1 out of 5
Updating learning rate to 0.004
Epoch: 5 cost time: 4.793383836746216
Epoch: 5, Steps: 32 | Train Loss: 4.1825139 Vali Loss: 1.0110676 Test Loss: 0.4184726
EarlyStopping counter: 2 out of 5
Updating learning rate to 0.0032000000000000006
Epoch: 6 cost time: 4.731536149978638
Epoch: 6, Steps: 32 | Train Loss: 4.1611670 Vali Loss: 1.0070035 Test Loss: 0.4158079
Validation loss decreased (1.010815 --> 1.007004).  Saving model ...
Updating learning rate to 0.0025600000000000006
Epoch: 7 cost time: 4.814730644226074
Epoch: 7, Steps: 32 | Train Loss: 4.1795271 Vali Loss: 1.0050563 Test Loss: 0.4141372
Validation loss decreased (1.007004 --> 1.005056).  Saving model ...
Updating learning rate to 0.0020480000000000003
Epoch: 8 cost time: 4.763845920562744
Epoch: 8, Steps: 32 | Train Loss: 4.0397294 Vali Loss: 1.0030487 Test Loss: 0.4155612
Validation loss decreased (1.005056 --> 1.003049).  Saving model ...
Updating learning rate to 0.0016384000000000004
Epoch: 9 cost time: 4.414607286453247
Epoch: 9, Steps: 32 | Train Loss: 4.1425706 Vali Loss: 1.0037521 Test Loss: 0.4129154
EarlyStopping counter: 1 out of 5
Updating learning rate to 0.0013107200000000005
Epoch: 10 cost time: 4.7647693157196045
Epoch: 10, Steps: 32 | Train Loss: 4.0191806 Vali Loss: 0.9992657 Test Loss: 0.4146980
Validation loss decreased (1.003049 --> 0.999266).  Saving model ...
Updating learning rate to 0.0010485760000000005
Epoch: 11 cost time: 4.558017015457153
Epoch: 11, Steps: 32 | Train Loss: 4.0757677 Vali Loss: 1.0003684 Test Loss: 0.4130134
EarlyStopping counter: 1 out of 5
Updating learning rate to 0.0008388608000000005
Epoch: 12 cost time: 4.92431640625
Epoch: 12, Steps: 32 | Train Loss: 4.1076788 Vali Loss: 0.9954456 Test Loss: 0.4130190
Validation loss decreased (0.999266 --> 0.995446).  Saving model ...
Updating learning rate to 0.0006710886400000003
Epoch: 13 cost time: 4.71406364440918
Epoch: 13, Steps: 32 | Train Loss: 4.1209224 Vali Loss: 0.9965742 Test Loss: 0.4117850
EarlyStopping counter: 1 out of 5
Updating learning rate to 0.0005368709120000003
Epoch: 14 cost time: 4.788038730621338
Epoch: 14, Steps: 32 | Train Loss: 4.1023450 Vali Loss: 0.9996120 Test Loss: 0.4133657
EarlyStopping counter: 2 out of 5
Updating learning rate to 0.0004294967296000003
Epoch: 15 cost time: 4.6920506954193115
Epoch: 15, Steps: 32 | Train Loss: 4.0397693 Vali Loss: 1.0029383 Test Loss: 0.4105822
EarlyStopping counter: 3 out of 5
Updating learning rate to 0.0003435973836800002
Epoch: 16 cost time: 4.486749649047852
Epoch: 16, Steps: 32 | Train Loss: 4.1715339 Vali Loss: 1.0076357 Test Loss: 0.4116003
EarlyStopping counter: 4 out of 5
Updating learning rate to 0.0002748779069440002
Epoch: 17 cost time: 4.7246880531311035
Epoch: 17, Steps: 32 | Train Loss: 4.1597443 Vali Loss: 1.0073330 Test Loss: 0.4111596
EarlyStopping counter: 5 out of 5
Early stopping
>>>>>>>testing : ETTh1_96_192_PULSE_ftM_sl96_pl192_hi1_di0_hl24_dl7_dm16_ax1.0_rl0.0_axlMAE_mf1_test_0<<<<<<<<<<<<<<<<<<<<<<<<<<<<<<<<<
test 2689
mse:0.4077487885951996, mae:0.41817352175712585
