Args in experiment:
Namespace(activation='gelu', add_noise=False, affine=0, auxi_lambda=1.0, auxi_loss='MAE', auxi_mode='fft', auxi_type='complex', batch_size=256, c_out=7, checkpoints='./checkpoints/', cutoff_freq_percentage=0.06, d_ff=2048, d_layers=1, d_model=16, data='ETTh1', data_path='ETTh1.csv', data_percentage=1.0, day_length=7, dec_in=7, decomposition=0, des='test', devices='0,1', distil=True, do_predict=False, dropout=0, dsa=1, dsb=1, e_layers=2, embed='timeF', embed_type=0, enc_in=7, factor=1, fc_dropout=0.05, features='M', freq='h', gpu=0, head_dropout=0.0, hour_length=24, individual=0, inv_len=24, is_training=1, itr=1, kernel_size=25, ksize=5, label_len=0, learning_rate=0.005, leg_degree=2, loss='mse', lradj='type3', model='PULSE', model_id='ETTh1_96_720', module_first=1, moving_avg=25, n_heads=8, noise_amp=1, noise_freq_percentage=0.05, noise_seed=2023, noise_type='sin', num_workers=10, output_attention=False, padding_patch='end', patch_len=16, patch_size=24, patience=5, pct_start=0.3, pred_len=720, random_seed=2024, rec_lambda=0.0, revin=0, root_path='./all_datasets/', seq_len=96, stride=8, subtract_last=0, target='OT', test_flop=False, time_dim=1, train_epochs=30, use_amp=False, use_day_index=0, use_gpu=True, use_hour_index=1, use_multi_gpu=False, use_revin=1)
Use GPU: cuda:0
>>>>>>>start training : ETTh1_96_720_PULSE_ftM_sl96_pl720_hi1_di0_hl24_dl7_dm16_ax1.0_rl0.0_axlMAE_mf1_test_0>>>>>>>>>>>>>>>>>>>>>>>>>>
train 7825
val 2161
test 2161
Epoch: 1 cost time: 4.577910423278809
Epoch: 1, Steps: 30 | Train Loss: 8.9462360 Vali Loss: 1.8801873 Test Loss: 0.7242208
Validation loss decreased (inf --> 1.880187).  Saving model ...
Updating learning rate to 0.005
Epoch: 2 cost time: 4.2309794425964355
Epoch: 2, Steps: 30 | Train Loss: 8.6546532 Vali Loss: 1.5957112 Test Loss: 0.4846579
Validation loss decreased (1.880187 --> 1.595711).  Saving model ...
Updating learning rate to 0.005
Epoch: 3 cost time: 4.437175512313843
Epoch: 3, Steps: 30 | Train Loss: 8.2782781 Vali Loss: 1.5742244 Test Loss: 0.4794562
Validation loss decreased (1.595711 --> 1.574224).  Saving model ...
Updating learning rate to 0.005
Epoch: 4 cost time: 4.744598388671875
Epoch: 4, Steps: 30 | Train Loss: 8.2324572 Vali Loss: 1.5524979 Test Loss: 0.4751205
Validation loss decreased (1.574224 --> 1.552498).  Saving model ...
Updating learning rate to 0.004
Epoch: 5 cost time: 4.381470441818237
Epoch: 5, Steps: 30 | Train Loss: 8.4421871 Vali Loss: 1.5506406 Test Loss: 0.4637812
Validation loss decreased (1.552498 --> 1.550641).  Saving model ...
Updating learning rate to 0.0032000000000000006
Epoch: 6 cost time: 4.558510780334473
Epoch: 6, Steps: 30 | Train Loss: 8.3808897 Vali Loss: 1.5405711 Test Loss: 0.4626117
Validation loss decreased (1.550641 --> 1.540571).  Saving model ...
Updating learning rate to 0.0025600000000000006
Epoch: 7 cost time: 4.488373756408691
Epoch: 7, Steps: 30 | Train Loss: 8.2529417 Vali Loss: 1.5282385 Test Loss: 0.4458278
Validation loss decreased (1.540571 --> 1.528239).  Saving model ...
Updating learning rate to 0.0020480000000000003
Epoch: 8 cost time: 4.690755844116211
Epoch: 8, Steps: 30 | Train Loss: 8.3599757 Vali Loss: 1.5250356 Test Loss: 0.4437596
Validation loss decreased (1.528239 --> 1.525036).  Saving model ...
Updating learning rate to 0.0016384000000000004
Epoch: 9 cost time: 4.6813437938690186
Epoch: 9, Steps: 30 | Train Loss: 8.1620946 Vali Loss: 1.5203629 Test Loss: 0.4440213
Validation loss decreased (1.525036 --> 1.520363).  Saving model ...
Updating learning rate to 0.0013107200000000005
Epoch: 10 cost time: 4.7963902950286865
Epoch: 10, Steps: 30 | Train Loss: 8.1994897 Vali Loss: 1.5249891 Test Loss: 0.4478838
EarlyStopping counter: 1 out of 5
Updating learning rate to 0.0010485760000000005
Epoch: 11 cost time: 4.679689645767212
Epoch: 11, Steps: 30 | Train Loss: 8.0577607 Vali Loss: 1.5176792 Test Loss: 0.4459366
Validation loss decreased (1.520363 --> 1.517679).  Saving model ...
Updating learning rate to 0.0008388608000000005
Epoch: 12 cost time: 4.723438024520874
Epoch: 12, Steps: 30 | Train Loss: 8.1771681 Vali Loss: 1.5168065 Test Loss: 0.4447434
Validation loss decreased (1.517679 --> 1.516806).  Saving model ...
Updating learning rate to 0.0006710886400000003
Epoch: 13 cost time: 4.720203399658203
Epoch: 13, Steps: 30 | Train Loss: 8.3503066 Vali Loss: 1.5158792 Test Loss: 0.4398235
Validation loss decreased (1.516806 --> 1.515879).  Saving model ...
Updating learning rate to 0.0005368709120000003
Epoch: 14 cost time: 4.678091049194336
Epoch: 14, Steps: 30 | Train Loss: 8.3528268 Vali Loss: 1.5134063 Test Loss: 0.4417358
Validation loss decreased (1.515879 --> 1.513406).  Saving model ...
Updating learning rate to 0.0004294967296000003
Epoch: 15 cost time: 4.612635135650635
Epoch: 15, Steps: 30 | Train Loss: 8.1528933 Vali Loss: 1.5169384 Test Loss: 0.4433927
EarlyStopping counter: 1 out of 5
Updating learning rate to 0.0003435973836800002
Epoch: 16 cost time: 4.6404266357421875
Epoch: 16, Steps: 30 | Train Loss: 8.1615742 Vali Loss: 1.5123115 Test Loss: 0.4425667
Validation loss decreased (1.513406 --> 1.512311).  Saving model ...
Updating learning rate to 0.0002748779069440002
Epoch: 17 cost time: 4.7451183795928955
Epoch: 17, Steps: 30 | Train Loss: 8.3780929 Vali Loss: 1.5225804 Test Loss: 0.4453452
EarlyStopping counter: 1 out of 5
Updating learning rate to 0.00021990232555520019
Epoch: 18 cost time: 4.791942358016968
Epoch: 18, Steps: 30 | Train Loss: 8.3672717 Vali Loss: 1.5178447 Test Loss: 0.4427508
EarlyStopping counter: 2 out of 5
Updating learning rate to 0.00017592186044416015
Epoch: 19 cost time: 4.669973373413086
Epoch: 19, Steps: 30 | Train Loss: 8.2128948 Vali Loss: 1.5111265 Test Loss: 0.4425505
Validation loss decreased (1.512311 --> 1.511127).  Saving model ...
Updating learning rate to 0.00014073748835532812
Epoch: 20 cost time: 4.683998346328735
Epoch: 20, Steps: 30 | Train Loss: 8.2933277 Vali Loss: 1.5108742 Test Loss: 0.4432653
Validation loss decreased (1.511127 --> 1.510874).  Saving model ...
Updating learning rate to 0.00011258999068426252
Epoch: 21 cost time: 4.504922151565552
Epoch: 21, Steps: 30 | Train Loss: 8.1046353 Vali Loss: 1.5169379 Test Loss: 0.4427744
EarlyStopping counter: 1 out of 5
Updating learning rate to 9.007199254741001e-05
Epoch: 22 cost time: 4.214639663696289
Epoch: 22, Steps: 30 | Train Loss: 8.3134033 Vali Loss: 1.5189127 Test Loss: 0.4418166
EarlyStopping counter: 2 out of 5
Updating learning rate to 7.205759403792801e-05
Epoch: 23 cost time: 4.588371515274048
Epoch: 23, Steps: 30 | Train Loss: 8.3261590 Vali Loss: 1.5199684 Test Loss: 0.4422266
EarlyStopping counter: 3 out of 5
Updating learning rate to 5.764607523034242e-05
Epoch: 24 cost time: 4.482785940170288
Epoch: 24, Steps: 30 | Train Loss: 8.2856708 Vali Loss: 1.5183785 Test Loss: 0.4424747
EarlyStopping counter: 4 out of 5
Updating learning rate to 4.611686018427394e-05
Epoch: 25 cost time: 4.666635274887085
Epoch: 25, Steps: 30 | Train Loss: 8.1516793 Vali Loss: 1.5191963 Test Loss: 0.4415999
EarlyStopping counter: 5 out of 5
Early stopping
>>>>>>>testing : ETTh1_96_720_PULSE_ftM_sl96_pl720_hi1_di0_hl24_dl7_dm16_ax1.0_rl0.0_axlMAE_mf1_test_0<<<<<<<<<<<<<<<<<<<<<<<<<<<<<<<<<
test 2161
mse:0.4327564537525177, mae:0.4474979341030121
