Args in experiment:
Namespace(activation='gelu', add_noise=False, affine=0, auxi_lambda=1.0, auxi_loss='MAE', auxi_mode='fft', auxi_type='complex', batch_size=256, c_out=7, checkpoints='./checkpoints/', cutoff_freq_percentage=0.06, d_ff=2048, d_layers=1, d_model=16, data='ETTh1', data_path='ETTh1.csv', data_percentage=1.0, day_length=7, dec_in=7, decomposition=0, des='test', devices='0,1', distil=True, do_predict=False, dropout=0, dsa=1, dsb=1, e_layers=2, embed='timeF', embed_type=0, enc_in=7, factor=1, fc_dropout=0.05, features='M', freq='h', gpu=0, head_dropout=0.0, hour_length=24, individual=0, inv_len=24, is_training=1, itr=1, kernel_size=25, ksize=5, label_len=0, learning_rate=0.005, leg_degree=2, loss='mse', lradj='type3', model='PULSE', model_id='ETTh1_96_336', module_first=1, moving_avg=25, n_heads=8, noise_amp=1, noise_freq_percentage=0.05, noise_seed=2023, noise_type='sin', num_workers=10, output_attention=False, padding_patch='end', patch_len=16, patch_size=24, patience=5, pct_start=0.3, pred_len=336, random_seed=2024, rec_lambda=0.0, revin=0, root_path='./all_datasets/', seq_len=96, stride=8, subtract_last=0, target='OT', test_flop=False, time_dim=1, train_epochs=30, use_amp=False, use_day_index=0, use_gpu=True, use_hour_index=1, use_multi_gpu=False, use_revin=1)
Use GPU: cuda:0
>>>>>>>start training : ETTh1_96_336_PULSE_ftM_sl96_pl336_hi1_di0_hl24_dl7_dm16_ax1.0_rl0.0_axlMAE_mf1_test_0>>>>>>>>>>>>>>>>>>>>>>>>>>
train 8209
val 2545
test 2545
Epoch: 1 cost time: 4.830764055252075
Epoch: 1, Steps: 32 | Train Loss: 6.1110355 Vali Loss: 1.6103184 Test Loss: 0.7006314
Validation loss decreased (inf --> 1.610318).  Saving model ...
Updating learning rate to 0.005
Epoch: 2 cost time: 4.524521350860596
Epoch: 2, Steps: 32 | Train Loss: 5.8345733 Vali Loss: 1.3388610 Test Loss: 0.4710161
Validation loss decreased (1.610318 --> 1.338861).  Saving model ...
Updating learning rate to 0.005
Epoch: 3 cost time: 4.385089635848999
Epoch: 3, Steps: 32 | Train Loss: 5.5807227 Vali Loss: 1.2973076 Test Loss: 0.4735479
Validation loss decreased (1.338861 --> 1.297308).  Saving model ...
Updating learning rate to 0.005
Epoch: 4 cost time: 4.623413324356079
Epoch: 4, Steps: 32 | Train Loss: 5.5212843 Vali Loss: 1.2918212 Test Loss: 0.4619913
Validation loss decreased (1.297308 --> 1.291821).  Saving model ...
Updating learning rate to 0.004
Epoch: 5 cost time: 4.767501354217529
Epoch: 5, Steps: 32 | Train Loss: 5.6135377 Vali Loss: 1.2936183 Test Loss: 0.4604862
EarlyStopping counter: 1 out of 5
Updating learning rate to 0.0032000000000000006
Epoch: 6 cost time: 4.475715637207031
Epoch: 6, Steps: 32 | Train Loss: 5.5932946 Vali Loss: 1.2941039 Test Loss: 0.4542837
EarlyStopping counter: 2 out of 5
Updating learning rate to 0.0025600000000000006
Epoch: 7 cost time: 4.535373687744141
Epoch: 7, Steps: 32 | Train Loss: 5.6133351 Vali Loss: 1.2877336 Test Loss: 0.4478452
Validation loss decreased (1.291821 --> 1.287734).  Saving model ...
Updating learning rate to 0.0020480000000000003
Epoch: 8 cost time: 4.5443360805511475
Epoch: 8, Steps: 32 | Train Loss: 5.4267199 Vali Loss: 1.2831411 Test Loss: 0.4446917
Validation loss decreased (1.287734 --> 1.283141).  Saving model ...
Updating learning rate to 0.0016384000000000004
Epoch: 9 cost time: 4.510085821151733
Epoch: 9, Steps: 32 | Train Loss: 5.5698717 Vali Loss: 1.2839986 Test Loss: 0.4451776
EarlyStopping counter: 1 out of 5
Updating learning rate to 0.0013107200000000005
Epoch: 10 cost time: 4.508975028991699
Epoch: 10, Steps: 32 | Train Loss: 5.4021259 Vali Loss: 1.2899436 Test Loss: 0.4453207
EarlyStopping counter: 2 out of 5
Updating learning rate to 0.0010485760000000005
Epoch: 11 cost time: 4.591662168502808
Epoch: 11, Steps: 32 | Train Loss: 5.4788742 Vali Loss: 1.2924025 Test Loss: 0.4443018
EarlyStopping counter: 3 out of 5
Updating learning rate to 0.0008388608000000005
Epoch: 12 cost time: 4.5319623947143555
Epoch: 12, Steps: 32 | Train Loss: 5.5233423 Vali Loss: 1.2875922 Test Loss: 0.4473056
EarlyStopping counter: 4 out of 5
Updating learning rate to 0.0006710886400000003
Epoch: 13 cost time: 4.672766208648682
Epoch: 13, Steps: 32 | Train Loss: 5.5432147 Vali Loss: 1.2835224 Test Loss: 0.4427548
EarlyStopping counter: 5 out of 5
Early stopping
>>>>>>>testing : ETTh1_96_336_PULSE_ftM_sl96_pl336_hi1_di0_hl24_dl7_dm16_ax1.0_rl0.0_axlMAE_mf1_test_0<<<<<<<<<<<<<<<<<<<<<<<<<<<<<<<<<
test 2545
mse:0.4429456293582916, mae:0.4325573444366455
