Args in experiment:
Namespace(activation='gelu', add_noise=False, affine=0, auxi_lambda=1.0, auxi_loss='MAE', auxi_mode='fft', auxi_type='complex', batch_size=256, c_out=7, checkpoints='./checkpoints/', cutoff_freq_percentage=0.06, d_ff=2048, d_layers=1, d_model=16, data='Weather', data_path='weather.csv', data_percentage=1.0, dec_in=7, decomposition=0, des='test', devices='0,1', distil=True, do_predict=False, dropout=0, dsa=4, dsb=1, e_layers=2, embed='timeF', embed_type=0, enc_in=21, factor=1, fc_dropout=0.05, features='M', freq='h', gpu=0, head_dropout=0.0, individual=0, inv_len=48, is_training=1, itr=1, kernel_size=25, ksize=5, label_len=0, learning_rate=0.005, leg_degree=2, loss='mse', lradj='type3', model='PULSE', model_id='weather_96_192', module_first=1, moving_avg=25, n_heads=8, noise_amp=1, noise_freq_percentage=0.05, noise_seed=2023, noise_type='sin', num_workers=10, output_attention=False, padding_patch='end', patch_len=16, patch_size=6, patience=5, pct_start=0.3, pred_len=192, random_seed=2024, rec_lambda=0.0, revin=0, root_path='./all_datasets/', seq_len=96, stride=8, subtract_last=0, target='OT', test_flop=False, time_dim=2, train_epochs=30, use_amp=False, use_gpu=True, use_multi_gpu=False, use_revin=1)
Use GPU: cuda:0
>>>>>>>start training : weather_96_192_PULSE_Weather_ftM_sl96_pl192_dm16_ax1.0_rl0.0_axlMAE_mf1_test_0>>>>>>>>>>>>>>>>>>>>>>>>>>
train 36600
val 5079
test 10348
	loss_auxi: 2.8127050399780273
	iters: 100, epoch: 1 | loss: 2.8127050
	speed: 0.2260s/iter; left time: 940.5676s
Epoch: 1 cost time: 31.928521633148193
Epoch: 1, Steps: 142 | Train Loss: 2.9886860 Vali Loss: 0.5616816 Test Loss: 0.2463283
Validation loss decreased (inf --> 0.561682).  Saving model ...
Updating learning rate to 0.005
	loss_auxi: 2.872046709060669
	iters: 100, epoch: 2 | loss: 2.8720467
	speed: 0.5489s/iter; left time: 2206.1906s
Epoch: 2 cost time: 29.773416757583618
Epoch: 2, Steps: 142 | Train Loss: 2.6977284 Vali Loss: 0.4757683 Test Loss: 0.2133935
Validation loss decreased (0.561682 --> 0.475768).  Saving model ...
Updating learning rate to 0.005
	loss_auxi: 2.7516379356384277
	iters: 100, epoch: 3 | loss: 2.7516379
	speed: 0.5463s/iter; left time: 2117.9799s
Epoch: 3 cost time: 27.730254411697388
Epoch: 3, Steps: 142 | Train Loss: 2.6214745 Vali Loss: 0.4669621 Test Loss: 0.2074754
Validation loss decreased (0.475768 --> 0.466962).  Saving model ...
Updating learning rate to 0.005
	loss_auxi: 2.8082518577575684
	iters: 100, epoch: 4 | loss: 2.8082519
	speed: 0.5308s/iter; left time: 1982.4096s
Epoch: 4 cost time: 29.46293592453003
Epoch: 4, Steps: 142 | Train Loss: 2.6215062 Vali Loss: 0.4667025 Test Loss: 0.2093421
Validation loss decreased (0.466962 --> 0.466702).  Saving model ...
Updating learning rate to 0.004
	loss_auxi: 2.6666359901428223
	iters: 100, epoch: 5 | loss: 2.6666360
	speed: 0.4429s/iter; left time: 1591.4881s
Epoch: 5 cost time: 27.640644550323486
Epoch: 5, Steps: 142 | Train Loss: 2.6113920 Vali Loss: 0.4595945 Test Loss: 0.2034408
Validation loss decreased (0.466702 --> 0.459594).  Saving model ...
Updating learning rate to 0.0032000000000000006
	loss_auxi: 2.6962878704071045
	iters: 100, epoch: 6 | loss: 2.6962879
	speed: 0.4999s/iter; left time: 1725.2632s
Epoch: 6 cost time: 30.21313214302063
Epoch: 6, Steps: 142 | Train Loss: 2.5757556 Vali Loss: 0.4572298 Test Loss: 0.2020708
Validation loss decreased (0.459594 --> 0.457230).  Saving model ...
Updating learning rate to 0.0025600000000000006
	loss_auxi: 2.6235029697418213
	iters: 100, epoch: 7 | loss: 2.6235030
	speed: 0.5450s/iter; left time: 1803.5394s
Epoch: 7 cost time: 31.145857095718384
Epoch: 7, Steps: 142 | Train Loss: 2.5835890 Vali Loss: 0.4572467 Test Loss: 0.2013799
EarlyStopping counter: 1 out of 5
Updating learning rate to 0.0020480000000000003
	loss_auxi: 2.5118203163146973
	iters: 100, epoch: 8 | loss: 2.5118203
	speed: 0.5003s/iter; left time: 1584.5478s
Epoch: 8 cost time: 27.988906621932983
Epoch: 8, Steps: 142 | Train Loss: 2.5688573 Vali Loss: 0.4598212 Test Loss: 0.2010805
EarlyStopping counter: 2 out of 5
Updating learning rate to 0.0016384000000000004
	loss_auxi: 2.682889223098755
	iters: 100, epoch: 9 | loss: 2.6828892
	speed: 0.5244s/iter; left time: 1586.2493s
Epoch: 9 cost time: 28.086060047149658
Epoch: 9, Steps: 142 | Train Loss: 2.5844770 Vali Loss: 0.4566677 Test Loss: 0.1989912
Validation loss decreased (0.457230 --> 0.456668).  Saving model ...
Updating learning rate to 0.0013107200000000005
	loss_auxi: 2.694276809692383
	iters: 100, epoch: 10 | loss: 2.6942768
	speed: 0.4809s/iter; left time: 1386.4037s
Epoch: 10 cost time: 27.52711272239685
Epoch: 10, Steps: 142 | Train Loss: 2.5537922 Vali Loss: 0.4517089 Test Loss: 0.1988328
Validation loss decreased (0.456668 --> 0.451709).  Saving model ...
Updating learning rate to 0.0010485760000000005
	loss_auxi: 2.2204959392547607
	iters: 100, epoch: 11 | loss: 2.2204959
	speed: 0.4637s/iter; left time: 1270.9693s
Epoch: 11 cost time: 29.412081241607666
Epoch: 11, Steps: 142 | Train Loss: 2.5252325 Vali Loss: 0.4564176 Test Loss: 0.1995278
EarlyStopping counter: 1 out of 5
Updating learning rate to 0.0008388608000000005
	loss_auxi: 2.602121591567993
	iters: 100, epoch: 12 | loss: 2.6021216
	speed: 0.5699s/iter; left time: 1481.1193s
Epoch: 12 cost time: 31.250259399414062
Epoch: 12, Steps: 142 | Train Loss: 2.5697057 Vali Loss: 0.4558160 Test Loss: 0.2002375
EarlyStopping counter: 2 out of 5
Updating learning rate to 0.0006710886400000003
	loss_auxi: 2.8149454593658447
	iters: 100, epoch: 13 | loss: 2.8149455
	speed: 0.5195s/iter; left time: 1276.4683s
Epoch: 13 cost time: 32.13174247741699
Epoch: 13, Steps: 142 | Train Loss: 2.5725922 Vali Loss: 0.4512094 Test Loss: 0.2002043
Validation loss decreased (0.451709 --> 0.451209).  Saving model ...
Updating learning rate to 0.0005368709120000003
	loss_auxi: 2.7239480018615723
	iters: 100, epoch: 14 | loss: 2.7239480
	speed: 0.4924s/iter; left time: 1140.0142s
Epoch: 14 cost time: 27.807634592056274
Epoch: 14, Steps: 142 | Train Loss: 2.5803782 Vali Loss: 0.4525250 Test Loss: 0.1991141
EarlyStopping counter: 1 out of 5
Updating learning rate to 0.0004294967296000003
	loss_auxi: 2.3962273597717285
	iters: 100, epoch: 15 | loss: 2.3962274
	speed: 0.5200s/iter; left time: 1129.8716s
Epoch: 15 cost time: 26.583298206329346
Epoch: 15, Steps: 142 | Train Loss: 2.5730405 Vali Loss: 0.4539738 Test Loss: 0.1994242
EarlyStopping counter: 2 out of 5
Updating learning rate to 0.0003435973836800002
	loss_auxi: 2.5088841915130615
	iters: 100, epoch: 16 | loss: 2.5088842
	speed: 0.4821s/iter; left time: 979.1259s
Epoch: 16 cost time: 29.554263591766357
