Args in experiment:
Namespace(activation='gelu', add_noise=False, affine=0, auxi_lambda=1.0, auxi_loss='MAE', auxi_mode='fft', auxi_type='complex', batch_size=256, c_out=7, checkpoints='./checkpoints/', cutoff_freq_percentage=0.06, d_ff=2048, d_layers=1, d_model=32, data='Weather', data_path='weather.csv', data_percentage=1.0, dec_in=7, decomposition=0, des='test', devices='0,1', distil=True, do_predict=False, dropout=0, dsa=4, dsb=2, e_layers=2, embed='timeF', embed_type=0, enc_in=21, factor=1, fc_dropout=0.05, features='M', freq='h', gpu=0, head_dropout=0.0, individual=0, inv_len=72, is_training=1, itr=1, kernel_size=25, ksize=3, label_len=0, learning_rate=0.005, leg_degree=2, loss='mse', lradj='type3', model='PULSE', model_id='weather_96_336', module_first=1, moving_avg=25, n_heads=8, noise_amp=1, noise_freq_percentage=0.05, noise_seed=2023, noise_type='sin', num_workers=10, output_attention=False, padding_patch='end', patch_len=16, patch_size=24, patience=5, pct_start=0.3, pred_len=336, random_seed=2024, rec_lambda=0.0, revin=0, root_path='./all_datasets/', seq_len=96, stride=8, subtract_last=0, target='OT', test_flop=False, time_dim=1, train_epochs=30, use_amp=False, use_gpu=True, use_multi_gpu=False, use_revin=1)
Use GPU: cuda:0
>>>>>>>start training : weather_96_336_PULSE_Weather_ftM_sl96_pl336_dm32_ax1.0_rl0.0_axlMAE_mf1_test_0>>>>>>>>>>>>>>>>>>>>>>>>>>
train 36456
val 4935
test 10204
	loss_auxi: 4.155930042266846
	iters: 100, epoch: 1 | loss: 4.1559300
	speed: 0.1748s/iter; left time: 727.2409s
Epoch: 1 cost time: 23.595401287078857
Epoch: 1, Steps: 142 | Train Loss: 4.1138792 Vali Loss: 0.6560004 Test Loss: 0.3048016
Validation loss decreased (inf --> 0.656000).  Saving model ...
Updating learning rate to 0.005
	loss_auxi: 4.008762836456299
	iters: 100, epoch: 2 | loss: 4.0087628
	speed: 0.4460s/iter; left time: 1792.5524s
Epoch: 2 cost time: 24.790221691131592
Epoch: 2, Steps: 142 | Train Loss: 3.7960425 Vali Loss: 0.5734732 Test Loss: 0.2802360
Validation loss decreased (0.656000 --> 0.573473).  Saving model ...
Updating learning rate to 0.005
	loss_auxi: 3.808547019958496
	iters: 100, epoch: 3 | loss: 3.8085470
	speed: 0.4213s/iter; left time: 1633.3132s
Epoch: 3 cost time: 21.76447820663452
Epoch: 3, Steps: 142 | Train Loss: 3.7026258 Vali Loss: 0.5613303 Test Loss: 0.2735268
Validation loss decreased (0.573473 --> 0.561330).  Saving model ...
Updating learning rate to 0.005
	loss_auxi: 3.673471689224243
	iters: 100, epoch: 4 | loss: 3.6734717
	speed: 0.4716s/iter; left time: 1761.5700s
Epoch: 4 cost time: 26.839648485183716
Epoch: 4, Steps: 142 | Train Loss: 3.6939310 Vali Loss: 0.5541983 Test Loss: 0.2723044
Validation loss decreased (0.561330 --> 0.554198).  Saving model ...
Updating learning rate to 0.004
	loss_auxi: 3.836432933807373
	iters: 100, epoch: 5 | loss: 3.8364329
	speed: 0.4901s/iter; left time: 1760.8989s
Epoch: 5 cost time: 24.712034225463867
Epoch: 5, Steps: 142 | Train Loss: 3.6785811 Vali Loss: 0.5532330 Test Loss: 0.2691683
Validation loss decreased (0.554198 --> 0.553233).  Saving model ...
Updating learning rate to 0.0032000000000000006
	loss_auxi: 3.7946434020996094
	iters: 100, epoch: 6 | loss: 3.7946434
	speed: 0.4670s/iter; left time: 1611.5427s
Epoch: 6 cost time: 24.113707304000854
Epoch: 6, Steps: 142 | Train Loss: 3.6311155 Vali Loss: 0.5515822 Test Loss: 0.2660168
Validation loss decreased (0.553233 --> 0.551582).  Saving model ...
Updating learning rate to 0.0025600000000000006
	loss_auxi: 3.987075090408325
	iters: 100, epoch: 7 | loss: 3.9870751
	speed: 0.4319s/iter; left time: 1428.9931s
Epoch: 7 cost time: 23.909212350845337
Epoch: 7, Steps: 142 | Train Loss: 3.6436821 Vali Loss: 0.5549393 Test Loss: 0.2645062
EarlyStopping counter: 1 out of 5
Updating learning rate to 0.0020480000000000003
	loss_auxi: 3.7419495582580566
	iters: 100, epoch: 8 | loss: 3.7419496
	speed: 0.4504s/iter; left time: 1426.3685s
Epoch: 8 cost time: 18.798879861831665
Epoch: 8, Steps: 142 | Train Loss: 3.6225428 Vali Loss: 0.5508339 Test Loss: 0.2633085
Validation loss decreased (0.551582 --> 0.550834).  Saving model ...
Updating learning rate to 0.0016384000000000004
	loss_auxi: 3.788144111633301
	iters: 100, epoch: 9 | loss: 3.7881441
	speed: 0.2926s/iter; left time: 884.9766s
Epoch: 9 cost time: 18.34130072593689
Epoch: 9, Steps: 142 | Train Loss: 3.6475190 Vali Loss: 0.5519748 Test Loss: 0.2636231
EarlyStopping counter: 1 out of 5
Updating learning rate to 0.0013107200000000005
	loss_auxi: 3.9605400562286377
	iters: 100, epoch: 10 | loss: 3.9605401
	speed: 0.4697s/iter; left time: 1354.1184s
Epoch: 10 cost time: 26.07926869392395
Epoch: 10, Steps: 142 | Train Loss: 3.6021728 Vali Loss: 0.5485508 Test Loss: 0.2620352
Validation loss decreased (0.550834 --> 0.548551).  Saving model ...
Updating learning rate to 0.0010485760000000005
	loss_auxi: 3.226421594619751
	iters: 100, epoch: 11 | loss: 3.2264216
	speed: 0.4863s/iter; left time: 1332.8396s
Epoch: 11 cost time: 24.613691091537476
Epoch: 11, Steps: 142 | Train Loss: 3.5612881 Vali Loss: 0.5476538 Test Loss: 0.2617907
Validation loss decreased (0.548551 --> 0.547654).  Saving model ...
Updating learning rate to 0.0008388608000000005
	loss_auxi: 3.9752633571624756
	iters: 100, epoch: 12 | loss: 3.9752634
	speed: 0.4563s/iter; left time: 1186.0420s
Epoch: 12 cost time: 20.419734001159668
Epoch: 12, Steps: 142 | Train Loss: 3.6226245 Vali Loss: 0.5470568 Test Loss: 0.2601023
Validation loss decreased (0.547654 --> 0.547057).  Saving model ...
Updating learning rate to 0.0006710886400000003
	loss_auxi: 3.7582216262817383
	iters: 100, epoch: 13 | loss: 3.7582216
	speed: 0.3532s/iter; left time: 867.7942s
Epoch: 13 cost time: 19.52269172668457
Epoch: 13, Steps: 142 | Train Loss: 3.6282125 Vali Loss: 0.5489891 Test Loss: 0.2614965
EarlyStopping counter: 1 out of 5
Updating learning rate to 0.0005368709120000003
	loss_auxi: 3.6874637603759766
	iters: 100, epoch: 14 | loss: 3.6874638
	speed: 0.3741s/iter; left time: 866.0160s
Epoch: 14 cost time: 21.354798078536987
Epoch: 14, Steps: 142 | Train Loss: 3.6409347 Vali Loss: 0.5481039 Test Loss: 0.2609707
EarlyStopping counter: 2 out of 5
Updating learning rate to 0.0004294967296000003
	loss_auxi: 3.439424991607666
	iters: 100, epoch: 15 | loss: 3.4394250
	speed: 0.3547s/iter; left time: 770.8510s
Epoch: 15 cost time: 18.080448150634766
Epoch: 15, Steps: 142 | Train Loss: 3.6281685 Vali Loss: 0.5468227 Test Loss: 0.2610739
Validation loss decreased (0.547057 --> 0.546823).  Saving model ...
Updating learning rate to 0.0003435973836800002
	loss_auxi: 3.919510841369629
	iters: 100, epoch: 16 | loss: 3.9195108
	speed: 0.3635s/iter; left time: 738.2300s
Epoch: 16 cost time: 22.710445165634155
Epoch: 16, Steps: 142 | Train Loss: 3.6249081 Vali Loss: 0.5468994 Test Loss: 0.2602515
EarlyStopping counter: 1 out of 5
Updating learning rate to 0.0002748779069440002
	loss_auxi: 3.7612438201904297
	iters: 100, epoch: 17 | loss: 3.7612438
	speed: 0.4212s/iter; left time: 795.6615s
Epoch: 17 cost time: 24.128639221191406
Epoch: 17, Steps: 142 | Train Loss: 3.6126615 Vali Loss: 0.5469384 Test Loss: 0.2603303
EarlyStopping counter: 2 out of 5
Updating learning rate to 0.00021990232555520019
	loss_auxi: 3.7421083450317383
	iters: 100, epoch: 18 | loss: 3.7421083
	speed: 0.4463s/iter; left time: 779.6215s
Epoch: 18 cost time: 24.101378917694092
Epoch: 18, Steps: 142 | Train Loss: 3.5874672 Vali Loss: 0.5468934 Test Loss: 0.2607271
EarlyStopping counter: 3 out of 5
Updating learning rate to 0.00017592186044416015
	loss_auxi: 3.6781845092773438
	iters: 100, epoch: 19 | loss: 3.6781845
	speed: 0.4126s/iter; left time: 662.2585s
Epoch: 19 cost time: 21.96847367286682
Epoch: 19, Steps: 142 | Train Loss: 3.6073875 Vali Loss: 0.5446650 Test Loss: 0.2608479
Validation loss decreased (0.546823 --> 0.544665).  Saving model ...
Updating learning rate to 0.00014073748835532812
	loss_auxi: 4.030346393585205
	iters: 100, epoch: 20 | loss: 4.0303464
	speed: 0.3845s/iter; left time: 562.5014s
Epoch: 20 cost time: 20.593332290649414
Epoch: 20, Steps: 142 | Train Loss: 3.6318032 Vali Loss: 0.5459406 Test Loss: 0.2606851
EarlyStopping counter: 1 out of 5
Updating learning rate to 0.00011258999068426252
	loss_auxi: 2.9859964847564697
	iters: 100, epoch: 21 | loss: 2.9859965
	speed: 0.3965s/iter; left time: 523.7957s
Epoch: 21 cost time: 22.37082552909851
Epoch: 21, Steps: 142 | Train Loss: 3.5983534 Vali Loss: 0.5450759 Test Loss: 0.2605716
EarlyStopping counter: 2 out of 5
Updating learning rate to 9.007199254741001e-05
	loss_auxi: 3.7794485092163086
	iters: 100, epoch: 22 | loss: 3.7794485
	speed: 0.4413s/iter; left time: 520.3434s
Epoch: 22 cost time: 24.83043146133423
Epoch: 22, Steps: 142 | Train Loss: 3.5787721 Vali Loss: 0.5461302 Test Loss: 0.2605994
EarlyStopping counter: 3 out of 5
Updating learning rate to 7.205759403792801e-05
	loss_auxi: 3.9071333408355713
	iters: 100, epoch: 23 | loss: 3.9071333
	speed: 0.4345s/iter; left time: 450.5796s
Epoch: 23 cost time: 23.78684902191162
Epoch: 23, Steps: 142 | Train Loss: 3.6266527 Vali Loss: 0.5427318 Test Loss: 0.2600605
Validation loss decreased (0.544665 --> 0.542732).  Saving model ...
Updating learning rate to 5.764607523034242e-05
	loss_auxi: 3.634763717651367
	iters: 100, epoch: 24 | loss: 3.6347637
	speed: 0.4284s/iter; left time: 383.4420s
Epoch: 24 cost time: 23.55073046684265
Epoch: 24, Steps: 142 | Train Loss: 3.6147628 Vali Loss: 0.5439423 Test Loss: 0.2607839
EarlyStopping counter: 1 out of 5
Updating learning rate to 4.611686018427394e-05
	loss_auxi: 3.8517868518829346
	iters: 100, epoch: 25 | loss: 3.8517869
	speed: 0.4301s/iter; left time: 323.8862s
Epoch: 25 cost time: 23.316036462783813
Epoch: 25, Steps: 142 | Train Loss: 3.6025418 Vali Loss: 0.5440515 Test Loss: 0.2605142
EarlyStopping counter: 2 out of 5
Updating learning rate to 3.689348814741915e-05
	loss_auxi: 3.900447368621826
	iters: 100, epoch: 26 | loss: 3.9004474
	speed: 0.4002s/iter; left time: 244.5166s
Epoch: 26 cost time: 21.181244134902954
Epoch: 26, Steps: 142 | Train Loss: 3.5917584 Vali Loss: 0.5443938 Test Loss: 0.2609664
EarlyStopping counter: 3 out of 5
Updating learning rate to 2.951479051793532e-05
	loss_auxi: 3.560936689376831
	iters: 100, epoch: 27 | loss: 3.5609367
	speed: 0.4072s/iter; left time: 190.9683s
Epoch: 27 cost time: 21.335678339004517
Epoch: 27, Steps: 142 | Train Loss: 3.6599060 Vali Loss: 0.5444286 Test Loss: 0.2609011
EarlyStopping counter: 4 out of 5
Updating learning rate to 2.361183241434826e-05
	loss_auxi: 3.664247989654541
	iters: 100, epoch: 28 | loss: 3.6642480
	speed: 0.4128s/iter; left time: 134.9886s
Epoch: 28 cost time: 24.379698514938354
Epoch: 28, Steps: 142 | Train Loss: 3.5917877 Vali Loss: 0.5426202 Test Loss: 0.2608069
Validation loss decreased (0.542732 --> 0.542620).  Saving model ...
Updating learning rate to 1.888946593147861e-05
	loss_auxi: 3.5831074714660645
	iters: 100, epoch: 29 | loss: 3.5831075
	speed: 0.4701s/iter; left time: 86.9733s
Epoch: 29 cost time: 23.963008403778076
Epoch: 29, Steps: 142 | Train Loss: 3.5789143 Vali Loss: 0.5444003 Test Loss: 0.2611011
EarlyStopping counter: 1 out of 5
Updating learning rate to 1.5111572745182888e-05
	loss_auxi: 3.1635193824768066
	iters: 100, epoch: 30 | loss: 3.1635194
	speed: 0.4363s/iter; left time: 18.7615s
Epoch: 30 cost time: 23.99524188041687
Epoch: 30, Steps: 142 | Train Loss: 3.6154695 Vali Loss: 0.5434673 Test Loss: 0.2611495
EarlyStopping counter: 2 out of 5
Updating learning rate to 1.208925819614631e-05
>>>>>>>testing : weather_96_336_PULSE_Weather_ftM_sl96_pl336_dm32_ax1.0_rl0.0_axlMAE_mf1_test_0<<<<<<<<<<<<<<<<<<<<<<<<<<<<<<<<<
test 10204
mse:0.26075059175491333, mae:0.2914905548095703
