Args in experiment:
Namespace(activation='gelu', add_noise=False, affine=0, auxi_lambda=1.0, auxi_loss='MAE', auxi_mode='fft', auxi_type='complex', batch_size=256, c_out=7, checkpoints='./checkpoints/', cutoff_freq_percentage=0.06, d_ff=2048, d_layers=1, d_model=32, data='ETTh2', data_path='ETTh2.csv', data_percentage=1.0, day_length=7, dec_in=7, decomposition=0, des='test', devices='0,1', distil=True, do_predict=False, dropout=0, dsa=4, dsb=2, e_layers=2, embed='timeF', embed_type=0, enc_in=7, factor=1, fc_dropout=0.05, features='M', freq='h', gpu=0, head_dropout=0.0, hour_length=24, individual=0, inv_len=24, is_training=1, itr=1, kernel_size=25, ksize=5, label_len=0, learning_rate=0.005, leg_degree=2, loss='mse', lradj='type3', model='PULSE', model_id='ETTh2_96_336', module_first=1, moving_avg=25, n_heads=8, noise_amp=1, noise_freq_percentage=0.05, noise_seed=2023, noise_type='sin', num_workers=10, output_attention=False, padding_patch='end', patch_len=16, patch_size=24, patience=5, pct_start=0.3, pred_len=336, random_seed=2024, rec_lambda=0.0, revin=0, root_path='./all_datasets/', seq_len=96, stride=8, subtract_last=0, target='OT', test_flop=False, time_dim=1, train_epochs=30, use_amp=False, use_day_index=0, use_gpu=True, use_hour_index=1, use_multi_gpu=False, use_revin=1)
Use GPU: cuda:0
>>>>>>>start training : ETTh2_96_336_PULSE_ftM_sl96_pl336_hi1_di0_hl24_dl7_dm32_ax1.0_rl0.0_axlMAE_mf1_test_0>>>>>>>>>>>>>>>>>>>>>>>>>>
train 8209
val 2545
test 2545
Epoch: 1 cost time: 4.673797130584717
Epoch: 1, Steps: 32 | Train Loss: 4.8247671 Vali Loss: 0.4577268 Test Loss: 0.5138054
Validation loss decreased (inf --> 0.457727).  Saving model ...
Updating learning rate to 0.005
Epoch: 2 cost time: 4.276594161987305
Epoch: 2, Steps: 32 | Train Loss: 4.6793666 Vali Loss: 0.3622905 Test Loss: 0.4201470
Validation loss decreased (0.457727 --> 0.362291).  Saving model ...
Updating learning rate to 0.005
Epoch: 3 cost time: 4.774678707122803
Epoch: 3, Steps: 32 | Train Loss: 4.4057529 Vali Loss: 0.3573676 Test Loss: 0.4152586
Validation loss decreased (0.362291 --> 0.357368).  Saving model ...
Updating learning rate to 0.005
Epoch: 4 cost time: 4.646348237991333
Epoch: 4, Steps: 32 | Train Loss: 4.3469188 Vali Loss: 0.3567575 Test Loss: 0.4133264
Validation loss decreased (0.357368 --> 0.356758).  Saving model ...
Updating learning rate to 0.004
Epoch: 5 cost time: 4.350891351699829
Epoch: 5, Steps: 32 | Train Loss: 4.4089882 Vali Loss: 0.3574904 Test Loss: 0.4092863
EarlyStopping counter: 1 out of 5
Updating learning rate to 0.0032000000000000006
Epoch: 6 cost time: 4.3625593185424805
Epoch: 6, Steps: 32 | Train Loss: 4.3910060 Vali Loss: 0.3598275 Test Loss: 0.4064606
EarlyStopping counter: 2 out of 5
Updating learning rate to 0.0025600000000000006
Epoch: 7 cost time: 4.734030246734619
Epoch: 7, Steps: 32 | Train Loss: 4.4057815 Vali Loss: 0.3569441 Test Loss: 0.4042528
EarlyStopping counter: 3 out of 5
Updating learning rate to 0.0020480000000000003
Epoch: 8 cost time: 4.6325483322143555
Epoch: 8, Steps: 32 | Train Loss: 4.2652487 Vali Loss: 0.3592832 Test Loss: 0.4007260
EarlyStopping counter: 4 out of 5
Updating learning rate to 0.0016384000000000004
Epoch: 9 cost time: 4.5744476318359375
Epoch: 9, Steps: 32 | Train Loss: 4.3682884 Vali Loss: 0.3557054 Test Loss: 0.4018119
Validation loss decreased (0.356758 --> 0.355705).  Saving model ...
Updating learning rate to 0.0013107200000000005
Epoch: 10 cost time: 4.6007044315338135
Epoch: 10, Steps: 32 | Train Loss: 4.2414673 Vali Loss: 0.3570792 Test Loss: 0.4042155
EarlyStopping counter: 1 out of 5
Updating learning rate to 0.0010485760000000005
Epoch: 11 cost time: 4.785083293914795
Epoch: 11, Steps: 32 | Train Loss: 4.3002271 Vali Loss: 0.3590000 Test Loss: 0.4020015
EarlyStopping counter: 2 out of 5
Updating learning rate to 0.0008388608000000005
Epoch: 12 cost time: 4.76120662689209
Epoch: 12, Steps: 32 | Train Loss: 4.3291886 Vali Loss: 0.3583601 Test Loss: 0.4012765
EarlyStopping counter: 3 out of 5
Updating learning rate to 0.0006710886400000003
Epoch: 13 cost time: 4.7957940101623535
Epoch: 13, Steps: 32 | Train Loss: 4.3389757 Vali Loss: 0.3601089 Test Loss: 0.4014972
EarlyStopping counter: 4 out of 5
Updating learning rate to 0.0005368709120000003
Epoch: 14 cost time: 4.750167369842529
Epoch: 14, Steps: 32 | Train Loss: 4.3203707 Vali Loss: 0.3584703 Test Loss: 0.4003453
EarlyStopping counter: 5 out of 5
Early stopping
>>>>>>>testing : ETTh2_96_336_PULSE_ftM_sl96_pl336_hi1_di0_hl24_dl7_dm32_ax1.0_rl0.0_axlMAE_mf1_test_0<<<<<<<<<<<<<<<<<<<<<<<<<<<<<<<<<
test 2545
mse:0.39899879693984985, mae:0.41520246863365173
