Args in experiment:
Namespace(activation='gelu', add_noise=False, affine=0, auxi_lambda=1.0, auxi_loss='MAE', auxi_mode='fft', auxi_type='complex', batch_size=256, c_out=7, checkpoints='./checkpoints/', cutoff_freq_percentage=0.06, d_ff=2048, d_layers=1, d_model=16, data='ETTh2', data_path='ETTh2.csv', data_percentage=1.0, day_length=7, dec_in=7, decomposition=0, des='test', devices='0,1', distil=True, do_predict=False, dropout=0, dsa=4, dsb=1, e_layers=2, embed='timeF', embed_type=0, enc_in=7, factor=1, fc_dropout=0.05, features='M', freq='h', gpu=0, head_dropout=0.0, hour_length=24, individual=0, inv_len=48, is_training=1, itr=1, kernel_size=25, ksize=5, label_len=0, learning_rate=0.005, leg_degree=2, loss='mse', lradj='type3', model='PULSE', model_id='ETTh2_96_720', module_first=1, moving_avg=25, n_heads=8, noise_amp=1, noise_freq_percentage=0.05, noise_seed=2023, noise_type='sin', num_workers=10, output_attention=False, padding_patch='end', patch_len=16, patch_size=24, patience=5, pct_start=0.3, pred_len=720, random_seed=2024, rec_lambda=0.0, revin=0, root_path='./all_datasets/', seq_len=96, stride=8, subtract_last=0, target='OT', test_flop=False, time_dim=1, train_epochs=30, use_amp=False, use_day_index=0, use_gpu=True, use_hour_index=1, use_multi_gpu=False, use_revin=1)
Use GPU: cuda:0
>>>>>>>start training : ETTh2_96_720_PULSE_ftM_sl96_pl720_hi1_di0_hl24_dl7_dm16_ax1.0_rl0.0_axlMAE_mf1_test_0>>>>>>>>>>>>>>>>>>>>>>>>>>
train 7825
val 2161
test 2161
Epoch: 1 cost time: 4.745268821716309
Epoch: 1, Steps: 30 | Train Loss: 7.2160877 Vali Loss: 0.6369647 Test Loss: 0.4707952
Validation loss decreased (inf --> 0.636965).  Saving model ...
Updating learning rate to 0.005
Epoch: 2 cost time: 4.60344386100769
Epoch: 2, Steps: 30 | Train Loss: 7.0900217 Vali Loss: 0.6224314 Test Loss: 0.4615681
Validation loss decreased (0.636965 --> 0.622431).  Saving model ...
Updating learning rate to 0.005
Epoch: 3 cost time: 4.69550347328186
Epoch: 3, Steps: 30 | Train Loss: 6.7173482 Vali Loss: 0.6192392 Test Loss: 0.4357487
Validation loss decreased (0.622431 --> 0.619239).  Saving model ...
Updating learning rate to 0.005
Epoch: 4 cost time: 4.598308563232422
Epoch: 4, Steps: 30 | Train Loss: 6.6615056 Vali Loss: 0.6067857 Test Loss: 0.4358389
Validation loss decreased (0.619239 --> 0.606786).  Saving model ...
Updating learning rate to 0.004
Epoch: 5 cost time: 4.655141353607178
Epoch: 5, Steps: 30 | Train Loss: 6.8309100 Vali Loss: 0.6085773 Test Loss: 0.4360584
EarlyStopping counter: 1 out of 5
Updating learning rate to 0.0032000000000000006
Epoch: 6 cost time: 4.686671733856201
Epoch: 6, Steps: 30 | Train Loss: 6.7727277 Vali Loss: 0.6106888 Test Loss: 0.4354269
EarlyStopping counter: 2 out of 5
Updating learning rate to 0.0025600000000000006
Epoch: 7 cost time: 4.694205045700073
Epoch: 7, Steps: 30 | Train Loss: 6.6851250 Vali Loss: 0.6127422 Test Loss: 0.4392450
EarlyStopping counter: 3 out of 5
Updating learning rate to 0.0020480000000000003
Epoch: 8 cost time: 4.747069597244263
Epoch: 8, Steps: 30 | Train Loss: 6.7559585 Vali Loss: 0.6049130 Test Loss: 0.4365119
Validation loss decreased (0.606786 --> 0.604913).  Saving model ...
Updating learning rate to 0.0016384000000000004
Epoch: 9 cost time: 4.423069000244141
Epoch: 9, Steps: 30 | Train Loss: 6.6052765 Vali Loss: 0.6014008 Test Loss: 0.4340160
Validation loss decreased (0.604913 --> 0.601401).  Saving model ...
Updating learning rate to 0.0013107200000000005
Epoch: 10 cost time: 3.759554147720337
Epoch: 10, Steps: 30 | Train Loss: 6.6324131 Vali Loss: 0.5962691 Test Loss: 0.4311460
Validation loss decreased (0.601401 --> 0.596269).  Saving model ...
Updating learning rate to 0.0010485760000000005
Epoch: 11 cost time: 3.153622627258301
Epoch: 11, Steps: 30 | Train Loss: 6.5281334 Vali Loss: 0.5940851 Test Loss: 0.4338425
Validation loss decreased (0.596269 --> 0.594085).  Saving model ...
Updating learning rate to 0.0008388608000000005
Epoch: 12 cost time: 4.441092491149902
Epoch: 12, Steps: 30 | Train Loss: 6.6235149 Vali Loss: 0.5999976 Test Loss: 0.4327537
EarlyStopping counter: 1 out of 5
Updating learning rate to 0.0006710886400000003
Epoch: 13 cost time: 4.5763349533081055
Epoch: 13, Steps: 30 | Train Loss: 6.7511663 Vali Loss: 0.5943639 Test Loss: 0.4324928
EarlyStopping counter: 2 out of 5
Updating learning rate to 0.0005368709120000003
Epoch: 14 cost time: 4.2228240966796875
Epoch: 14, Steps: 30 | Train Loss: 6.7613069 Vali Loss: 0.5982221 Test Loss: 0.4311424
EarlyStopping counter: 3 out of 5
Updating learning rate to 0.0004294967296000003
Epoch: 15 cost time: 4.4084601402282715
Epoch: 15, Steps: 30 | Train Loss: 6.5969518 Vali Loss: 0.5934718 Test Loss: 0.4329400
Validation loss decreased (0.594085 --> 0.593472).  Saving model ...
Updating learning rate to 0.0003435973836800002
Epoch: 16 cost time: 4.437093019485474
Epoch: 16, Steps: 30 | Train Loss: 6.6085272 Vali Loss: 0.5936960 Test Loss: 0.4320230
EarlyStopping counter: 1 out of 5
Updating learning rate to 0.0002748779069440002
Epoch: 17 cost time: 4.4397687911987305
Epoch: 17, Steps: 30 | Train Loss: 6.7755503 Vali Loss: 0.5964437 Test Loss: 0.4312321
EarlyStopping counter: 2 out of 5
Updating learning rate to 0.00021990232555520019
Epoch: 18 cost time: 4.460378885269165
Epoch: 18, Steps: 30 | Train Loss: 6.7561156 Vali Loss: 0.5947906 Test Loss: 0.4309897
EarlyStopping counter: 3 out of 5
Updating learning rate to 0.00017592186044416015
Epoch: 19 cost time: 4.567952632904053
Epoch: 19, Steps: 30 | Train Loss: 6.6379406 Vali Loss: 0.5926961 Test Loss: 0.4308211
Validation loss decreased (0.593472 --> 0.592696).  Saving model ...
Updating learning rate to 0.00014073748835532812
Epoch: 20 cost time: 4.55191707611084
Epoch: 20, Steps: 30 | Train Loss: 6.7038294 Vali Loss: 0.5940483 Test Loss: 0.4300116
EarlyStopping counter: 1 out of 5
Updating learning rate to 0.00011258999068426252
Epoch: 21 cost time: 4.212787866592407
Epoch: 21, Steps: 30 | Train Loss: 6.5584371 Vali Loss: 0.5946777 Test Loss: 0.4299652
EarlyStopping counter: 2 out of 5
Updating learning rate to 9.007199254741001e-05
Epoch: 22 cost time: 4.147749662399292
Epoch: 22, Steps: 30 | Train Loss: 6.7250351 Vali Loss: 0.5945746 Test Loss: 0.4305929
EarlyStopping counter: 3 out of 5
Updating learning rate to 7.205759403792801e-05
Epoch: 23 cost time: 4.113936185836792
Epoch: 23, Steps: 30 | Train Loss: 6.7348369 Vali Loss: 0.5940950 Test Loss: 0.4301682
EarlyStopping counter: 4 out of 5
Updating learning rate to 5.764607523034242e-05
Epoch: 24 cost time: 4.26142692565918
Epoch: 24, Steps: 30 | Train Loss: 6.7058444 Vali Loss: 0.5939252 Test Loss: 0.4300047
EarlyStopping counter: 5 out of 5
Early stopping
>>>>>>>testing : ETTh2_96_720_PULSE_ftM_sl96_pl720_hi1_di0_hl24_dl7_dm16_ax1.0_rl0.0_axlMAE_mf1_test_0<<<<<<<<<<<<<<<<<<<<<<<<<<<<<<<<<
test 2161
mse:0.413449227809906, mae:0.436509907245636
