Args in experiment:
Namespace(activation='gelu', add_noise=False, affine=0, auxi_lambda=1.0, auxi_loss='MAE', auxi_mode='fft', auxi_type='complex', batch_size=256, c_out=7, checkpoints='./checkpoints/', cutoff_freq_percentage=0.06, d_ff=2048, d_layers=1, d_model=32, data='ETTh2', data_path='ETTh2.csv', data_percentage=1.0, day_length=7, dec_in=7, decomposition=0, des='test', devices='0,1', distil=True, do_predict=False, dropout=0, dsa=1, dsb=1, e_layers=2, embed='timeF', embed_type=0, enc_in=7, factor=1, fc_dropout=0.05, features='M', freq='h', gpu=0, head_dropout=0.0, hour_length=24, individual=0, inv_len=24, is_training=1, itr=1, kernel_size=25, ksize=5, label_len=0, learning_rate=0.005, leg_degree=2, loss='mse', lradj='type3', model='PULSE', model_id='ETTh2_96_192', module_first=1, moving_avg=25, n_heads=8, noise_amp=1, noise_freq_percentage=0.05, noise_seed=2023, noise_type='sin', num_workers=10, output_attention=False, padding_patch='end', patch_len=16, patch_size=24, patience=5, pct_start=0.3, pred_len=192, random_seed=2024, rec_lambda=0.0, revin=0, root_path='./all_datasets/', seq_len=96, stride=8, subtract_last=0, target='OT', test_flop=False, time_dim=1, train_epochs=30, use_amp=False, use_day_index=0, use_gpu=True, use_hour_index=1, use_multi_gpu=False, use_revin=1)
Use GPU: cuda:0
>>>>>>>start training : ETTh2_96_192_PULSE_ftM_sl96_pl192_hi1_di0_hl24_dl7_dm32_ax1.0_rl0.0_axlMAE_mf1_test_0>>>>>>>>>>>>>>>>>>>>>>>>>>
train 8353
val 2689
test 2689
Epoch: 1 cost time: 4.459843635559082
Epoch: 1, Steps: 32 | Train Loss: 3.6410346 Vali Loss: 0.3687374 Test Loss: 0.4694758
Validation loss decreased (inf --> 0.368737).  Saving model ...
Updating learning rate to 0.005
Epoch: 2 cost time: 4.343755006790161
Epoch: 2, Steps: 32 | Train Loss: 3.4403910 Vali Loss: 0.2735821 Test Loss: 0.3947076
Validation loss decreased (0.368737 --> 0.273582).  Saving model ...
Updating learning rate to 0.005
Epoch: 3 cost time: 4.736450910568237
Epoch: 3, Steps: 32 | Train Loss: 3.2377475 Vali Loss: 0.2730255 Test Loss: 0.3836221
Validation loss decreased (0.273582 --> 0.273025).  Saving model ...
Updating learning rate to 0.005
Epoch: 4 cost time: 4.629853010177612
Epoch: 4, Steps: 32 | Train Loss: 3.2000495 Vali Loss: 0.2739123 Test Loss: 0.3757864
EarlyStopping counter: 1 out of 5
Updating learning rate to 0.004
Epoch: 5 cost time: 4.634232521057129
Epoch: 5, Steps: 32 | Train Loss: 3.2390833 Vali Loss: 0.2717199 Test Loss: 0.3697270
Validation loss decreased (0.273025 --> 0.271720).  Saving model ...
Updating learning rate to 0.0032000000000000006
Epoch: 6 cost time: 4.6045331954956055
Epoch: 6, Steps: 32 | Train Loss: 3.2202055 Vali Loss: 0.2725189 Test Loss: 0.3665035
EarlyStopping counter: 1 out of 5
Updating learning rate to 0.0025600000000000006
Epoch: 7 cost time: 4.409940242767334
Epoch: 7, Steps: 32 | Train Loss: 3.2210079 Vali Loss: 0.2733080 Test Loss: 0.3655594
EarlyStopping counter: 2 out of 5
Updating learning rate to 0.0020480000000000003
Epoch: 8 cost time: 4.80032753944397
Epoch: 8, Steps: 32 | Train Loss: 3.1226791 Vali Loss: 0.2734157 Test Loss: 0.3677242
EarlyStopping counter: 3 out of 5
Updating learning rate to 0.0016384000000000004
Epoch: 9 cost time: 4.824020862579346
Epoch: 9, Steps: 32 | Train Loss: 3.1915723 Vali Loss: 0.2757362 Test Loss: 0.3665482
EarlyStopping counter: 4 out of 5
Updating learning rate to 0.0013107200000000005
Epoch: 10 cost time: 4.546052694320679
Epoch: 10, Steps: 32 | Train Loss: 3.0957782 Vali Loss: 0.2781477 Test Loss: 0.3668394
EarlyStopping counter: 5 out of 5
Early stopping
>>>>>>>testing : ETTh2_96_192_PULSE_ftM_sl96_pl192_hi1_di0_hl24_dl7_dm32_ax1.0_rl0.0_axlMAE_mf1_test_0<<<<<<<<<<<<<<<<<<<<<<<<<<<<<<<<<
test 2689
mse:0.3563847541809082, mae:0.3809756934642792
