Args in experiment:
Namespace(activation='gelu', add_noise=False, affine=0, auxi_lambda=1.0, auxi_loss='MAE', auxi_mode='fft', auxi_type='complex', batch_size=256, c_out=7, checkpoints='./checkpoints/', cutoff_freq_percentage=0.06, d_ff=2048, d_layers=1, d_model=32, data='ETTh2', data_path='ETTh2.csv', data_percentage=1.0, day_length=7, dec_in=7, decomposition=0, des='test', devices='0,1', distil=True, do_predict=False, dropout=0, dsa=1, dsb=2, e_layers=2, embed='timeF', embed_type=0, enc_in=7, factor=1, fc_dropout=0.05, features='M', freq='h', gpu=0, head_dropout=0.0, hour_length=24, individual=0, inv_len=32, is_training=1, itr=1, kernel_size=25, ksize=3, label_len=0, learning_rate=0.005, leg_degree=2, loss='mse', lradj='type3', model='PULSE', model_id='ETTh2_96_96', module_first=1, moving_avg=25, n_heads=8, noise_amp=1, noise_freq_percentage=0.05, noise_seed=2023, noise_type='sin', num_workers=10, output_attention=False, padding_patch='end', patch_len=16, patch_size=24, patience=5, pct_start=0.3, pred_len=96, random_seed=2024, rec_lambda=0.0, revin=0, root_path='./all_datasets/', seq_len=96, stride=8, subtract_last=0, target='OT', test_flop=False, time_dim=1, train_epochs=30, use_amp=False, use_day_index=0, use_gpu=True, use_hour_index=1, use_multi_gpu=False, use_revin=1)
Use GPU: cuda:0
>>>>>>>start training : ETTh2_96_96_PULSE_ftM_sl96_pl96_hi1_di0_hl24_dl7_dm32_ax1.0_rl0.0_axlMAE_mf1_test_0>>>>>>>>>>>>>>>>>>>>>>>>>>
train 8449
val 2785
test 2785
Epoch: 1 cost time: 3.854830026626587
Epoch: 1, Steps: 33 | Train Loss: 2.6701331 Vali Loss: 0.3348695 Test Loss: 0.4264434
Validation loss decreased (inf --> 0.334870).  Saving model ...
Updating learning rate to 0.005
Epoch: 2 cost time: 3.518641948699951
Epoch: 2, Steps: 33 | Train Loss: 2.4018666 Vali Loss: 0.2132271 Test Loss: 0.2958822
Validation loss decreased (0.334870 --> 0.213227).  Saving model ...
Updating learning rate to 0.005
Epoch: 3 cost time: 3.5445353984832764
Epoch: 3, Steps: 33 | Train Loss: 2.2098821 Vali Loss: 0.2117065 Test Loss: 0.2841261
Validation loss decreased (0.213227 --> 0.211707).  Saving model ...
Updating learning rate to 0.005
Epoch: 4 cost time: 3.5997209548950195
Epoch: 4, Steps: 33 | Train Loss: 2.1881816 Vali Loss: 0.2122458 Test Loss: 0.2814873
EarlyStopping counter: 1 out of 5
Updating learning rate to 0.004
Epoch: 5 cost time: 3.5535194873809814
Epoch: 5, Steps: 33 | Train Loss: 2.2045439 Vali Loss: 0.2108022 Test Loss: 0.2782050
Validation loss decreased (0.211707 --> 0.210802).  Saving model ...
Updating learning rate to 0.0032000000000000006
Epoch: 6 cost time: 3.728879451751709
Epoch: 6, Steps: 33 | Train Loss: 2.1904163 Vali Loss: 0.2155761 Test Loss: 0.2777442
EarlyStopping counter: 1 out of 5
Updating learning rate to 0.0025600000000000006
Epoch: 7 cost time: 3.621446132659912
Epoch: 7, Steps: 33 | Train Loss: 2.1718025 Vali Loss: 0.2129142 Test Loss: 0.2798746
EarlyStopping counter: 2 out of 5
Updating learning rate to 0.0020480000000000003
Epoch: 8 cost time: 3.598973035812378
Epoch: 8, Steps: 33 | Train Loss: 2.1280174 Vali Loss: 0.2156205 Test Loss: 0.2812552
EarlyStopping counter: 3 out of 5
Updating learning rate to 0.0016384000000000004
Epoch: 9 cost time: 3.645233392715454
Epoch: 9, Steps: 33 | Train Loss: 2.1427981 Vali Loss: 0.2169250 Test Loss: 0.2788234
EarlyStopping counter: 4 out of 5
Updating learning rate to 0.0013107200000000005
Epoch: 10 cost time: 3.5861904621124268
Epoch: 10, Steps: 33 | Train Loss: 2.0964334 Vali Loss: 0.2146459 Test Loss: 0.2805288
EarlyStopping counter: 5 out of 5
Early stopping
>>>>>>>testing : ETTh2_96_96_PULSE_ftM_sl96_pl96_hi1_di0_hl24_dl7_dm32_ax1.0_rl0.0_axlMAE_mf1_test_0<<<<<<<<<<<<<<<<<<<<<<<<<<<<<<<<<
test 2785
mse:0.2770479619503021, mae:0.32954874634742737
