Args in experiment:
Namespace(activation='gelu', add_noise=False, affine=0, auxi_lambda=1.0, auxi_loss='MAE', auxi_mode='fft', auxi_type='complex', batch_size=64, c_out=7, checkpoints='./checkpoints/', cutoff_freq_percentage=0.06, d_ff=2048, d_layers=1, d_model=32, data='Solar', data_path='solar_AL.txt', data_percentage=1.0, dec_in=7, decomposition=0, des='test', devices='0,1', distil=True, do_predict=False, dropout=0, dsa=8, dsb=1, e_layers=2, embed='timeF', embed_type=0, enc_in=137, factor=1, fc_dropout=0.05, features='M', freq='h', gpu=0, head_dropout=0.0, individual=0, inv_len=32, is_training=1, itr=1, kernel_size=25, ksize=5, label_len=0, learning_rate=0.005, leg_degree=2, loss='mse', lradj='type3', model='PULSE', model_id='Solar_96_96', module_first=1, moving_avg=25, n_heads=8, noise_amp=1, noise_freq_percentage=0.05, noise_seed=2023, noise_type='sin', num_workers=10, output_attention=False, padding_patch='end', patch_len=16, patch_size=4, patience=5, pct_start=0.3, pred_len=96, random_seed=2024, rec_lambda=0.0, revin=0, root_path='./all_datasets/', seq_len=96, stride=8, subtract_last=0, target='OT', test_flop=False, time_dim=1, train_epochs=30, use_amp=False, use_gpu=True, use_multi_gpu=False, use_revin=1)
Use GPU: cuda:0
>>>>>>>start training : Solar_96_96_PULSE_Solar_ftM_sl96_pl96_dm32_ax1.0_rl0.0_axlMAE_mf1_test_0>>>>>>>>>>>>>>>>>>>>>>>>>>
train 36601
val 5161
test 10417
	loss_auxi: 2.129640817642212
	iters: 100, epoch: 1 | loss: 2.1296408
	speed: 0.0528s/iter; left time: 899.2413s
	loss_auxi: 1.8614909648895264
	iters: 200, epoch: 1 | loss: 1.8614910
	speed: 0.0435s/iter; left time: 736.5210s
	loss_auxi: 1.361747145652771
	iters: 300, epoch: 1 | loss: 1.3617471
	speed: 0.0438s/iter; left time: 737.0634s
	loss_auxi: 1.6592649221420288
	iters: 400, epoch: 1 | loss: 1.6592649
	speed: 0.0603s/iter; left time: 1009.0649s
	loss_auxi: 1.671805500984192
	iters: 500, epoch: 1 | loss: 1.6718055
	speed: 0.0729s/iter; left time: 1212.5860s
Epoch: 1 cost time: 32.53725051879883
Epoch: 1, Steps: 571 | Train Loss: 1.8470361 Vali Loss: 0.1732309 Test Loss: 0.2281982
Validation loss decreased (inf --> 0.173231).  Saving model ...
Updating learning rate to 0.005
	loss_auxi: 1.8517484664916992
	iters: 100, epoch: 2 | loss: 1.8517485
	speed: 0.3798s/iter; left time: 6251.9045s
	loss_auxi: 1.88383150100708
	iters: 200, epoch: 2 | loss: 1.8838315
	speed: 0.0701s/iter; left time: 1146.1874s
	loss_auxi: 1.6061536073684692
	iters: 300, epoch: 2 | loss: 1.6061536
	speed: 0.0492s/iter; left time: 799.5414s
	loss_auxi: 1.6957635879516602
	iters: 400, epoch: 2 | loss: 1.6957636
	speed: 0.0480s/iter; left time: 775.7250s
	loss_auxi: 1.5488654375076294
	iters: 500, epoch: 2 | loss: 1.5488654
	speed: 0.0761s/iter; left time: 1222.8211s
Epoch: 2 cost time: 36.71058249473572
Epoch: 2, Steps: 571 | Train Loss: 1.6549196 Vali Loss: 0.1581670 Test Loss: 0.1990457
Validation loss decreased (0.173231 --> 0.158167).  Saving model ...
Updating learning rate to 0.005
	loss_auxi: 1.6440993547439575
	iters: 100, epoch: 3 | loss: 1.6440994
	speed: 0.5198s/iter; left time: 8258.4124s
	loss_auxi: 1.6266810894012451
	iters: 200, epoch: 3 | loss: 1.6266811
	speed: 0.0507s/iter; left time: 800.9966s
	loss_auxi: 1.769175410270691
	iters: 300, epoch: 3 | loss: 1.7691754
	speed: 0.0536s/iter; left time: 841.4813s
	loss_auxi: 1.6042815446853638
	iters: 400, epoch: 3 | loss: 1.6042815
	speed: 0.0436s/iter; left time: 680.4083s
	loss_auxi: 1.6860909461975098
	iters: 500, epoch: 3 | loss: 1.6860909
	speed: 0.0580s/iter; left time: 898.4339s
Epoch: 3 cost time: 30.768938064575195
Epoch: 3, Steps: 571 | Train Loss: 1.5751428 Vali Loss: 0.1513928 Test Loss: 0.1871512
Validation loss decreased (0.158167 --> 0.151393).  Saving model ...
Updating learning rate to 0.005
	loss_auxi: 1.6184056997299194
	iters: 100, epoch: 4 | loss: 1.6184057
	speed: 0.3965s/iter; left time: 6073.6911s
	loss_auxi: 1.6999142169952393
	iters: 200, epoch: 4 | loss: 1.6999142
	speed: 0.0501s/iter; left time: 762.9219s
	loss_auxi: 1.5449305772781372
	iters: 300, epoch: 4 | loss: 1.5449306
	speed: 0.0729s/iter; left time: 1101.4493s
	loss_auxi: 1.7666071653366089
	iters: 400, epoch: 4 | loss: 1.7666072
	speed: 0.0806s/iter; left time: 1210.7373s
	loss_auxi: 1.571889042854309
	iters: 500, epoch: 4 | loss: 1.5718890
	speed: 0.0744s/iter; left time: 1110.4964s
Epoch: 4 cost time: 38.04889512062073
Epoch: 4, Steps: 571 | Train Loss: 1.5662086 Vali Loss: 0.1532301 Test Loss: 0.2032500
EarlyStopping counter: 1 out of 5
Updating learning rate to 0.004
	loss_auxi: 1.3637195825576782
	iters: 100, epoch: 5 | loss: 1.3637196
	speed: 0.5049s/iter; left time: 7446.3695s
	loss_auxi: 1.3027973175048828
	iters: 200, epoch: 5 | loss: 1.3027973
	speed: 0.0408s/iter; left time: 597.0240s
	loss_auxi: 1.5388778448104858
	iters: 300, epoch: 5 | loss: 1.5388778
	speed: 0.0435s/iter; left time: 632.5939s
	loss_auxi: 1.7301908731460571
	iters: 400, epoch: 5 | loss: 1.7301909
	speed: 0.0628s/iter; left time: 907.3097s
	loss_auxi: 1.5348811149597168
	iters: 500, epoch: 5 | loss: 1.5348811
	speed: 0.0727s/iter; left time: 1043.1996s
Epoch: 5 cost time: 34.50201225280762
Epoch: 5, Steps: 571 | Train Loss: 1.5387428 Vali Loss: 0.1505014 Test Loss: 0.2003427
Validation loss decreased (0.151393 --> 0.150501).  Saving model ...
Updating learning rate to 0.0032000000000000006
	loss_auxi: 1.6070369482040405
	iters: 100, epoch: 6 | loss: 1.6070369
	speed: 0.4122s/iter; left time: 5842.6822s
	loss_auxi: 1.4471545219421387
	iters: 200, epoch: 6 | loss: 1.4471545
	speed: 0.0598s/iter; left time: 842.4084s
	loss_auxi: 1.577794075012207
	iters: 300, epoch: 6 | loss: 1.5777941
	speed: 0.0455s/iter; left time: 635.7443s
	loss_auxi: 1.4164628982543945
	iters: 400, epoch: 6 | loss: 1.4164629
	speed: 0.0451s/iter; left time: 625.1563s
	loss_auxi: 1.4887727499008179
	iters: 500, epoch: 6 | loss: 1.4887727
	speed: 0.0551s/iter; left time: 759.1092s
Epoch: 6 cost time: 32.71181082725525
Epoch: 6, Steps: 571 | Train Loss: 1.5235043 Vali Loss: 0.1439975 Test Loss: 0.1940699
Validation loss decreased (0.150501 --> 0.143997).  Saving model ...
Updating learning rate to 0.0025600000000000006
	loss_auxi: 1.402812123298645
	iters: 100, epoch: 7 | loss: 1.4028121
	speed: 0.4554s/iter; left time: 6195.1855s
	loss_auxi: 1.6436080932617188
	iters: 200, epoch: 7 | loss: 1.6436081
	speed: 0.0727s/iter; left time: 981.7038s
	loss_auxi: 1.4860228300094604
	iters: 300, epoch: 7 | loss: 1.4860228
	speed: 0.0692s/iter; left time: 928.0677s
	loss_auxi: 1.7281913757324219
	iters: 400, epoch: 7 | loss: 1.7281914
	speed: 0.0642s/iter; left time: 854.5605s
	loss_auxi: 1.3190876245498657
	iters: 500, epoch: 7 | loss: 1.3190876
	speed: 0.0519s/iter; left time: 685.7963s
Epoch: 7 cost time: 36.55867099761963
Epoch: 7, Steps: 571 | Train Loss: 1.5161330 Vali Loss: 0.1440589 Test Loss: 0.2002630
EarlyStopping counter: 1 out of 5
Updating learning rate to 0.0020480000000000003
	loss_auxi: 1.5866117477416992
	iters: 100, epoch: 8 | loss: 1.5866117
	speed: 0.4323s/iter; left time: 5634.1758s
	loss_auxi: 1.3609830141067505
	iters: 200, epoch: 8 | loss: 1.3609830
	speed: 0.0861s/iter; left time: 1113.9049s
	loss_auxi: 1.7076058387756348
	iters: 300, epoch: 8 | loss: 1.7076058
	speed: 0.0813s/iter; left time: 1043.9176s
	loss_auxi: 1.264422059059143
	iters: 400, epoch: 8 | loss: 1.2644221
	speed: 0.0930s/iter; left time: 1183.7193s
	loss_auxi: 1.5720006227493286
	iters: 500, epoch: 8 | loss: 1.5720006
	speed: 0.0880s/iter; left time: 1111.8973s
Epoch: 8 cost time: 47.51595067977905
Epoch: 8, Steps: 571 | Train Loss: 1.5086712 Vali Loss: 0.1448340 Test Loss: 0.1930249
EarlyStopping counter: 2 out of 5
Updating learning rate to 0.0016384000000000004
	loss_auxi: 1.5284514427185059
	iters: 100, epoch: 9 | loss: 1.5284514
	speed: 0.6200s/iter; left time: 7726.7078s
	loss_auxi: 1.5915786027908325
	iters: 200, epoch: 9 | loss: 1.5915786
	speed: 0.0915s/iter; left time: 1131.0800s
	loss_auxi: 1.5924060344696045
	iters: 300, epoch: 9 | loss: 1.5924060
	speed: 0.0952s/iter; left time: 1167.8830s
	loss_auxi: 1.341081976890564
	iters: 400, epoch: 9 | loss: 1.3410820
	speed: 0.1009s/iter; left time: 1227.4615s
	loss_auxi: 1.6426405906677246
	iters: 500, epoch: 9 | loss: 1.6426406
	speed: 0.0971s/iter; left time: 1171.8629s
Epoch: 9 cost time: 55.87298536300659
Epoch: 9, Steps: 571 | Train Loss: 1.5004948 Vali Loss: 0.1437029 Test Loss: 0.1876205
Validation loss decreased (0.143997 --> 0.143703).  Saving model ...
Updating learning rate to 0.0013107200000000005
	loss_auxi: 1.5988956689834595
	iters: 100, epoch: 10 | loss: 1.5988957
	speed: 0.6048s/iter; left time: 7192.5204s
	loss_auxi: 1.5501583814620972
	iters: 200, epoch: 10 | loss: 1.5501584
	speed: 0.0784s/iter; left time: 924.3217s
	loss_auxi: 1.624355435371399
	iters: 300, epoch: 10 | loss: 1.6243554
	speed: 0.0838s/iter; left time: 980.3641s
	loss_auxi: 1.530206322669983
	iters: 400, epoch: 10 | loss: 1.5302063
	speed: 0.0687s/iter; left time: 795.8172s
	loss_auxi: 1.388851284980774
	iters: 500, epoch: 10 | loss: 1.3888513
	speed: 0.0724s/iter; left time: 831.8390s
Epoch: 10 cost time: 45.687479734420776
Epoch: 10, Steps: 571 | Train Loss: 1.4942601 Vali Loss: 0.1419138 Test Loss: 0.1881042
Validation loss decreased (0.143703 --> 0.141914).  Saving model ...
Updating learning rate to 0.0010485760000000005
	loss_auxi: 1.1864821910858154
	iters: 100, epoch: 11 | loss: 1.1864822
	speed: 0.5741s/iter; left time: 6499.5465s
	loss_auxi: 1.6141639947891235
	iters: 200, epoch: 11 | loss: 1.6141640
	speed: 0.1019s/iter; left time: 1143.6500s
	loss_auxi: 1.4764900207519531
	iters: 300, epoch: 11 | loss: 1.4764900
	speed: 0.1017s/iter; left time: 1131.2058s
	loss_auxi: 1.5901612043380737
	iters: 400, epoch: 11 | loss: 1.5901612
	speed: 0.0951s/iter; left time: 1047.9121s
	loss_auxi: 1.518713116645813
	iters: 500, epoch: 11 | loss: 1.5187131
	speed: 0.0934s/iter; left time: 1020.3320s
Epoch: 11 cost time: 56.01958632469177
Epoch: 11, Steps: 571 | Train Loss: 1.4890298 Vali Loss: 0.1434939 Test Loss: 0.1898682
EarlyStopping counter: 1 out of 5
Updating learning rate to 0.0008388608000000005
	loss_auxi: 1.6804479360580444
	iters: 100, epoch: 12 | loss: 1.6804479
	speed: 0.6046s/iter; left time: 6499.1509s
	loss_auxi: 1.6056549549102783
	iters: 200, epoch: 12 | loss: 1.6056550
	speed: 0.0818s/iter; left time: 870.7201s
	loss_auxi: 1.1436883211135864
	iters: 300, epoch: 12 | loss: 1.1436883
	speed: 0.0945s/iter; left time: 996.7681s
	loss_auxi: 1.4580527544021606
	iters: 400, epoch: 12 | loss: 1.4580528
	speed: 0.0854s/iter; left time: 892.9190s
	loss_auxi: 1.425726294517517
	iters: 500, epoch: 12 | loss: 1.4257263
	speed: 0.0622s/iter; left time: 643.6850s
Epoch: 12 cost time: 43.693549394607544
Epoch: 12, Steps: 571 | Train Loss: 1.4892352 Vali Loss: 0.1400435 Test Loss: 0.1769169
Validation loss decreased (0.141914 --> 0.140044).  Saving model ...
Updating learning rate to 0.0006710886400000003
	loss_auxi: 1.6467849016189575
	iters: 100, epoch: 13 | loss: 1.6467849
	speed: 0.5050s/iter; left time: 5140.0262s
	loss_auxi: 1.5551347732543945
	iters: 200, epoch: 13 | loss: 1.5551348
	speed: 0.0776s/iter; left time: 782.1374s
	loss_auxi: 1.5205254554748535
	iters: 300, epoch: 13 | loss: 1.5205255
	speed: 0.1011s/iter; left time: 1008.9402s
	loss_auxi: 1.300838589668274
	iters: 400, epoch: 13 | loss: 1.3008386
	speed: 0.1192s/iter; left time: 1177.9690s
	loss_auxi: 1.4146080017089844
	iters: 500, epoch: 13 | loss: 1.4146080
	speed: 0.1152s/iter; left time: 1126.1234s
Epoch: 13 cost time: 56.426470041275024
Epoch: 13, Steps: 571 | Train Loss: 1.4852272 Vali Loss: 0.1408505 Test Loss: 0.1827899
EarlyStopping counter: 1 out of 5
Updating learning rate to 0.0005368709120000003
	loss_auxi: 1.583632230758667
	iters: 100, epoch: 14 | loss: 1.5836322
	speed: 0.8609s/iter; left time: 8271.0722s
	loss_auxi: 1.3970463275909424
	iters: 200, epoch: 14 | loss: 1.3970463
	speed: 0.1157s/iter; left time: 1100.4773s
	loss_auxi: 1.315857172012329
	iters: 300, epoch: 14 | loss: 1.3158572
	speed: 0.1172s/iter; left time: 1102.4091s
	loss_auxi: 1.3764146566390991
	iters: 400, epoch: 14 | loss: 1.3764147
	speed: 0.1196s/iter; left time: 1113.2808s
	loss_auxi: 1.439255952835083
	iters: 500, epoch: 14 | loss: 1.4392560
	speed: 0.1194s/iter; left time: 1099.3797s
Epoch: 14 cost time: 67.91961026191711
Epoch: 14, Steps: 571 | Train Loss: 1.4855505 Vali Loss: 0.1407530 Test Loss: 0.1877519
EarlyStopping counter: 2 out of 5
Updating learning rate to 0.0004294967296000003
	loss_auxi: 1.2014942169189453
	iters: 100, epoch: 15 | loss: 1.2014942
	speed: 0.9036s/iter; left time: 8166.1298s
	loss_auxi: 1.3568768501281738
	iters: 200, epoch: 15 | loss: 1.3568769
	speed: 0.1187s/iter; left time: 1060.9112s
	loss_auxi: 1.6553194522857666
	iters: 300, epoch: 15 | loss: 1.6553195
	speed: 0.1173s/iter; left time: 1036.4984s
	loss_auxi: 1.4731554985046387
	iters: 400, epoch: 15 | loss: 1.4731555
	speed: 0.1131s/iter; left time: 987.8245s
	loss_auxi: 1.607852578163147
	iters: 500, epoch: 15 | loss: 1.6078526
	speed: 0.1143s/iter; left time: 987.2288s
Epoch: 15 cost time: 67.44593572616577
Epoch: 15, Steps: 571 | Train Loss: 1.4739745 Vali Loss: 0.1413789 Test Loss: 0.1906242
EarlyStopping counter: 3 out of 5
Updating learning rate to 0.0003435973836800002
	loss_auxi: 1.5675238370895386
	iters: 100, epoch: 16 | loss: 1.5675238
	speed: 0.8438s/iter; left time: 7143.3430s
	loss_auxi: 1.2965425252914429
	iters: 200, epoch: 16 | loss: 1.2965425
	speed: 0.1135s/iter; left time: 949.8249s
	loss_auxi: 1.6376157999038696
	iters: 300, epoch: 16 | loss: 1.6376158
	speed: 0.1106s/iter; left time: 914.3282s
	loss_auxi: 1.5475949048995972
	iters: 400, epoch: 16 | loss: 1.5475949
	speed: 0.0868s/iter; left time: 709.0060s
	loss_auxi: 1.5540779829025269
	iters: 500, epoch: 16 | loss: 1.5540780
	speed: 0.1074s/iter; left time: 866.4216s
Epoch: 16 cost time: 62.30075216293335
Epoch: 16, Steps: 571 | Train Loss: 1.4804834 Vali Loss: 0.1436835 Test Loss: 0.1847241
EarlyStopping counter: 4 out of 5
Updating learning rate to 0.0002748779069440002
	loss_auxi: 1.4386087656021118
	iters: 100, epoch: 17 | loss: 1.4386088
	speed: 0.8541s/iter; left time: 6743.1090s
	loss_auxi: 1.6370415687561035
	iters: 200, epoch: 17 | loss: 1.6370416
	speed: 0.1188s/iter; left time: 925.7790s
	loss_auxi: 1.5225242376327515
	iters: 300, epoch: 17 | loss: 1.5225242
	speed: 0.1193s/iter; left time: 918.3509s
	loss_auxi: 1.564302682876587
	iters: 400, epoch: 17 | loss: 1.5643027
	speed: 0.1168s/iter; left time: 887.3675s
	loss_auxi: 1.1970880031585693
	iters: 500, epoch: 17 | loss: 1.1970880
	speed: 0.1203s/iter; left time: 901.8475s
Epoch: 17 cost time: 68.72699356079102
Epoch: 17, Steps: 571 | Train Loss: 1.4711234 Vali Loss: 0.1405513 Test Loss: 0.1889675
EarlyStopping counter: 5 out of 5
Early stopping
>>>>>>>testing : Solar_96_96_PULSE_Solar_ftM_sl96_pl96_dm32_ax1.0_rl0.0_axlMAE_mf1_test_0<<<<<<<<<<<<<<<<<<<<<<<<<<<<<<<<<
test 10417
mse:0.1760803759098053, mae:0.22909720242023468
